
[02:00:21.602 tid=12588] ================================================================
[02:00:21.602 tid=12588] vcxtap loaded: pid=8420 stage=2
[02:00:21.606 tid=12588] Tap::SetSite(site=00000255EEEA0990)
[02:00:21.606 tid=12588]    QI IXamlDiagnostics  hr=0x00000000 ptr=00000255EEEA0990
[02:00:21.606 tid=12588]    QI IVisualTreeService hr=0x00000000 ptr=00000255EEEA0998
[02:00:21.610 tid=12588]   ADD  parent=0 idx=0 handle=255EC1F1BC8 type=[Windows.UI.Xaml.PopupRoot] name=[] children=0
[02:00:21.610 tid=12588]   ADD  parent=0 idx=0 handle=255EC1F2E58 type=[Windows.UI.Xaml.FullWindowMediaRoot] name=[] children=0
[02:00:21.610 tid=12588]    AdviseVisualTreeChange hr=0x00000000
[02:00:26.188 tid=12588]   ADD  parent=0 idx=0 handle=255F187ABC0 type=[Windows.UI.Xaml.Hosting.DesktopWindowXamlSource] name=[] children=2
[02:00:26.188 tid=12588]   ADD  parent=255F187ABC0 idx=0 handle=255F18B9588 type=[Windows.UI.Xaml.PopupRoot] name=[] children=0
[02:00:26.188 tid=12588]   ADD  parent=255F187ABC0 idx=1 handle=255F193A8B8 type=[Windows.UI.Xaml.Internal.RootScrollViewer] name=[] children=1
[02:00:26.188 tid=12588]   ADD  parent=255F193A8B8 idx=0 handle=255F192FCB8 type=[Windows.UI.Xaml.Controls.ScrollContentPresenter] name=[] children=1
[02:00:26.188 tid=12588]   ADD  parent=255F192FCB8 idx=0 handle=255F19360B8 type=[Windows.UI.Xaml.Controls.Border] name=[] children=1
[02:00:26.188 tid=12588]   ADD  parent=255F19360B8 idx=0 handle=255EC1CA898 type=[ControlCenter.ControlCenterPage] name=[] children=1
[02:00:26.188 tid=12588]   ADD  parent=255EC1CA898 idx=0 handle=255EEE24A08 type=[Windows.UI.Xaml.Controls.Grid] name=[RootGrid] children=1
[02:00:26.188 tid=12588]   ADD  parent=255EEE24A08 idx=0 handle=255EEE25728 type=[Windows.UI.Xaml.Controls.Grid] name=[RootContent] children=2
[02:00:26.188 tid=12588]   ADD  parent=255EEE25728 idx=0 handle=255F1892DC8 type=[ControlCenter.MediaTransportControls] name=[MediaTransportControls] children=1
[02:00:26.188 tid=12588]   ADD  parent=255EEE25728 idx=1 handle=255EEE24E68 type=[Windows.UI.Xaml.Controls.Grid] name=[ControlCenterRegion] children=1
[02:00:26.188 tid=12588]   ADD  parent=255F1892DC8 idx=0 handle=255F18C1D48 type=[Windows.UI.Xaml.Controls.Grid] name=[MediaTransportControlsRegion] children=1
[02:00:26.188 tid=12588]   ADD  parent=255EEE24E68 idx=0 handle=255EC161E98 type=[ControlCenter.ControlCenterView] name=[ControlCenterView] children=1
[02:00:26.188 tid=12588]   ADD  parent=255F18C1D48 idx=0 handle=255F18C00D8 type=[Windows.UI.Xaml.Controls.Grid] name=[MediaTransportControlsRoot] children=4
[02:00:26.188 tid=12588]   ADD  parent=255EC161E98 idx=0 handle=255F18C21A8 type=[Windows.UI.Xaml.Controls.Grid] name=[RootGrid] children=2
[02:00:26.188 tid=12588]   ADD  parent=255F18C00D8 idx=0 handle=255F18C3798 type=[ControlCenter.MediaTransportControlsButton] name=[MediaTransportControlsButton] children=0
[02:00:26.188 tid=12588]   ADD  parent=255F18C00D8 idx=1 handle=255F18C1488 type=[Windows.UI.Xaml.Controls.Grid] name=[] children=3
[02:00:26.188 tid=12588]   ADD  parent=255F18C00D8 idx=2 handle=255F18BF5E8 type=[Windows.UI.Xaml.Controls.Grid] name=[AlbumTextAndArtContainer] children=2
[02:00:26.188 tid=12588]   ADD  parent=255F18C00D8 idx=3 handle=255F190F0B8 type=[Windows.UI.Xaml.Controls.ListView] name=[MediaButtonsListView] children=0
[02:00:26.188 tid=12588]   ADD  parent=255F18C21A8 idx=0 handle=255EEE97858 type=[Windows.UI.Xaml.Controls.Border] name=[RootGridBorder] children=0
[02:00:26.188 tid=12588]   ADD  parent=255F18C21A8 idx=1 handle=255F18C23D8 type=[Windows.UI.Xaml.Controls.Grid] name=[L1Grid] children=4
[02:00:26.188 tid=12588]   ADD  parent=255F18C1488 idx=0 handle=255F18EF9A8 type=[Windows.UI.Xaml.Controls.Image] name=[IconImage] children=0
[02:00:26.188 tid=12588]   ADD  parent=255F18C1488 idx=1 handle=255F18BB478 type=[Windows.UI.Xaml.Controls.TextBlock] name=[AppNameText] children=0
[02:00:26.188 tid=12588]   ADD  parent=255F18C1488 idx=2 handle=255F18FAD38 type=[Windows.UI.Xaml.Controls.Button] name=[SessionSwitchButton] children=0
[02:00:26.188 tid=12588]   ADD  parent=255F18BF5E8 idx=0 handle=255F18B1118 type=[Windows.UI.Xaml.Controls.StackPanel] name=[PrimaryAndSecondaryTextContainer] children=2
[02:00:26.188 tid=12588]   ADD  parent=255F18BF5E8 idx=1 handle=255F18C1028 type=[Windows.UI.Xaml.Controls.Grid] name=[ThumbnailImage] children=1
[02:00:26.188 tid=12588]   ADD  parent=255F18C23D8 idx=0 handle=255F184CAA8 type=[Windows.UI.Xaml.Controls.Border] name=[] children=0
[02:00:26.188 tid=12588]   ADD  parent=255F18C23D8 idx=1 handle=255F18AF7A8 type=[Windows.UI.Xaml.Controls.ContentControl] name=[TogglesGroup] children=0
[02:00:26.188 tid=12588]   ADD  parent=255F18C23D8 idx=2 handle=255F18B0EC8 type=[Windows.UI.Xaml.Controls.ContentControl] name=[SlidersGroup] children=0
[02:00:26.188 tid=12588]   ADD  parent=255F18C23D8 idx=3 handle=255F18C2838 type=[Windows.UI.Xaml.Controls.Grid] name=[FooterGrid] children=2
[02:00:26.188 tid=12588]   ADD  parent=255F18B1118 idx=0 handle=255F18BA608 type=[Windows.UI.Xaml.Controls.TextBlock] name=[TitleText] children=0
[02:00:26.188 tid=12588]   ADD  parent=255F18B1118 idx=1 handle=255F18B9BB8 type=[Windows.UI.Xaml.Controls.TextBlock] name=[SubtitleText] children=0
[02:00:26.188 tid=12588]   ADD  parent=255F18C1028 idx=0 handle=255EC1DF398 type=[Windows.UI.Xaml.Controls.Border] name=[] children=1
[02:00:26.188 tid=12588]   ADD  parent=255F18C2838 idx=0 handle=255F18D5FA8 type=[Windows.UI.Xaml.Controls.ItemsControl] name=[LeftFooter] children=0
[02:00:26.188 tid=12588]   ADD  parent=255F18C2838 idx=1 handle=255F18D65F8 type=[Windows.UI.Xaml.Controls.ItemsControl] name=[RightFooter] children=0
[02:00:26.188 tid=12588]   ADD  parent=255EC1DF398 idx=0 handle=255F18F5E68 type=[Windows.UI.Xaml.Controls.Image] name=[] children=0
[02:00:26.199 tid=12588]   ADD  parent=255F187ABC0 idx=0 handle=255F18B9588 type=[Windows.UI.Xaml.PopupRoot] name=[] children=0
[02:00:26.205 tid=12588]   ADD  parent=255F18C00D8 idx=0 handle=255F18C3798 type=[ControlCenter.MediaTransportControlsButton] name=[MediaTransportControlsButton] children=0
[02:00:26.205 tid=12588]   ADD  parent=255F18C1488 idx=0 handle=255F18EF9A8 type=[Windows.UI.Xaml.Controls.Image] name=[IconImage] children=0
[02:00:26.205 tid=12588]   ADD  parent=255F18C1488 idx=1 handle=255F18BB478 type=[Windows.UI.Xaml.Controls.TextBlock] name=[AppNameText] children=0
[02:00:26.205 tid=12588]   ADD  parent=255F18C1488 idx=2 handle=255F18FAD38 type=[Windows.UI.Xaml.Controls.Button] name=[SessionSwitchButton] children=0
[02:00:26.205 tid=12588]   ADD  parent=255F18C00D8 idx=1 handle=255F18C1488 type=[Windows.UI.Xaml.Controls.Grid] name=[] children=3
[02:00:26.205 tid=12588]   ADD  parent=255F18B1118 idx=0 handle=255F18BA608 type=[Windows.UI.Xaml.Controls.TextBlock] name=[TitleText] children=0
[02:00:26.205 tid=12588]   ADD  parent=255F18B1118 idx=1 handle=255F18B9BB8 type=[Windows.UI.Xaml.Controls.TextBlock] name=[SubtitleText] children=0
[02:00:26.205 tid=12588]   ADD  parent=255F18BF5E8 idx=0 handle=255F18B1118 type=[Windows.UI.Xaml.Controls.StackPanel] name=[PrimaryAndSecondaryTextContainer] children=2
[02:00:26.205 tid=12588]   ADD  parent=255EC1DF398 idx=0 handle=255F18F5E68 type=[Windows.UI.Xaml.Controls.Image] name=[] children=0
[02:00:26.205 tid=12588]   ADD  parent=255F18C1028 idx=0 handle=255EC1DF398 type=[Windows.UI.Xaml.Controls.Border] name=[] children=1
[02:00:26.205 tid=12588]   ADD  parent=255F18BF5E8 idx=1 handle=255F18C1028 type=[Windows.UI.Xaml.Controls.Grid] name=[ThumbnailImage] children=1
[02:00:26.205 tid=12588]   ADD  parent=255F18C00D8 idx=2 handle=255F18BF5E8 type=[Windows.UI.Xaml.Controls.Grid] name=[AlbumTextAndArtContainer] children=2
[02:00:26.205 tid=12588]   ADD  parent=255F18C00D8 idx=3 handle=255F190F0B8 type=[Windows.UI.Xaml.Controls.ListView] name=[MediaButtonsListView] children=0
[02:00:26.205 tid=12588]   ADD  parent=255F18C1D48 idx=0 handle=255F18C00D8 type=[Windows.UI.Xaml.Controls.Grid] name=[MediaTransportControlsRoot] children=4
[02:00:26.205 tid=12588]   ADD  parent=255F1892DC8 idx=0 handle=255F18C1D48 type=[Windows.UI.Xaml.Controls.Grid] name=[MediaTransportControlsRegion] children=1
[02:00:26.205 tid=12588]   ADD  parent=255EEE25728 idx=0 handle=255F1892DC8 type=[ControlCenter.MediaTransportControls] name=[MediaTransportControls] children=1
[02:00:26.205 tid=12588]   ADD  parent=255F18C21A8 idx=0 handle=255EEE97858 type=[Windows.UI.Xaml.Controls.Border] name=[RootGridBorder] children=0
[02:00:26.205 tid=12588]   ADD  parent=255F18C23D8 idx=0 handle=255F184CAA8 type=[Windows.UI.Xaml.Controls.Border] name=[] children=0
[02:00:26.205 tid=12588]   ADD  parent=255F18C23D8 idx=1 handle=255F18AF7A8 type=[Windows.UI.Xaml.Controls.ContentControl] name=[TogglesGroup] children=0
[02:00:26.205 tid=12588]   ADD  parent=255F18C23D8 idx=2 handle=255F18B0EC8 type=[Windows.UI.Xaml.Controls.ContentControl] name=[SlidersGroup] children=0
[02:00:26.205 tid=12588]   ADD  parent=255F18C2838 idx=0 handle=255F18D5FA8 type=[Windows.UI.Xaml.Controls.ItemsControl] name=[LeftFooter] children=0
[02:00:26.205 tid=12588]   ADD  parent=255F18C2838 idx=1 handle=255F18D65F8 type=[Windows.UI.Xaml.Controls.ItemsControl] name=[RightFooter] children=0
[02:00:26.205 tid=12588]   ADD  parent=255F18C23D8 idx=3 handle=255F18C2838 type=[Windows.UI.Xaml.Controls.Grid] name=[FooterGrid] children=2
[02:00:26.205 tid=12588]   ADD  parent=255F18C21A8 idx=1 handle=255F18C23D8 type=[Windows.UI.Xaml.Controls.Grid] name=[L1Grid] children=4
[02:00:26.205 tid=12588]   ADD  parent=255EC161E98 idx=0 handle=255F18C21A8 type=[Windows.UI.Xaml.Controls.Grid] name=[RootGrid] children=2
[02:00:26.205 tid=12588]   ADD  parent=255EEE24E68 idx=0 handle=255EC161E98 type=[ControlCenter.ControlCenterView] name=[ControlCenterView] children=1
[02:00:26.205 tid=12588]   ADD  parent=255EEE25728 idx=1 handle=255EEE24E68 type=[Windows.UI.Xaml.Controls.Grid] name=[ControlCenterRegion] children=1
[02:00:26.205 tid=12588]   ADD  parent=255EEE24A08 idx=0 handle=255EEE25728 type=[Windows.UI.Xaml.Controls.Grid] name=[RootContent] children=2
[02:00:26.205 tid=12588]   ADD  parent=255EC1CA898 idx=0 handle=255EEE24A08 type=[Windows.UI.Xaml.Controls.Grid] name=[RootGrid] children=1
[02:00:26.205 tid=12588]   ADD  parent=255F19360B8 idx=0 handle=255EC1CA898 type=[ControlCenter.ControlCenterPage] name=[] children=1
[02:00:26.205 tid=12588]   ADD  parent=255F192FCB8 idx=0 handle=255F19360B8 type=[Windows.UI.Xaml.Controls.Border] name=[] children=1
[02:00:26.205 tid=12588]   ADD  parent=255F193A8B8 idx=0 handle=255F192FCB8 type=[Windows.UI.Xaml.Controls.ScrollContentPresenter] name=[] children=1
[02:00:26.205 tid=12588]   ADD  parent=255F187ABC0 idx=1 handle=255F193A8B8 type=[Windows.UI.Xaml.Internal.RootScrollViewer] name=[] children=1
[02:00:26.216 tid=12588]   ADD  parent=255F18C21A8 idx=2 handle=255F18E0278 type=[ControlCenter.FrameWithContentChanged] name=[L2Frame] children=0
[02:00:26.216 tid=12588]   ADD  parent=255F18B0EC8 idx=0 handle=255F18BC918 type=[Windows.UI.Xaml.Controls.ContentPresenter] name=[] children=0
[02:00:26.219 tid=12588]   ADD  parent=255F18BC918 idx=0 handle=255F198C138 type=[Windows.UI.Xaml.Controls.GridView] name=[] children=0
[02:00:26.219 tid=12588]   ADD  parent=255F1950428 idx=0 handle=255F198EA68 type=[Windows.UI.Xaml.Controls.ScrollViewer] name=[ScrollViewer] children=0
[02:00:26.219 tid=12588]   ADD  parent=255F198C138 idx=0 handle=255F1950428 type=[Windows.UI.Xaml.Controls.Border] name=[] children=1
[02:00:26.225 tid=12588]   ADD  parent=255F19A4B88 idx=0 handle=255F1998198 type=[Windows.UI.Xaml.Controls.ScrollContentPresenter] name=[ScrollContentPresenter] children=0
[02:00:26.225 tid=12588]   ADD  parent=255F19A4B88 idx=1 handle=255F19A3148 type=[Windows.UI.Xaml.Controls.Grid] name=[] children=0
[02:00:26.225 tid=12588]   ADD  parent=255F19A4098 idx=0 handle=255F19AABE8 type=[Windows.UI.Xaml.Controls.Primitives.ScrollBar] name=[VerticalScrollBar] children=0
[02:00:26.225 tid=12588]   ADD  parent=255F19A4B88 idx=2 handle=255F19A4098 type=[Windows.UI.Xaml.Controls.Grid] name=[] children=1
[02:00:26.225 tid=12588]   ADD  parent=255F19A2CE8 idx=0 handle=255F19AF078 type=[Windows.UI.Xaml.Controls.Primitives.ScrollBar] name=[HorizontalScrollBar] children=0
[02:00:26.225 tid=12588]   ADD  parent=255F19A4B88 idx=3 handle=255F19A2CE8 type=[Windows.UI.Xaml.Controls.Grid] name=[] children=1
[02:00:26.225 tid=12588]   ADD  parent=255F19A4B88 idx=4 handle=255EC155878 type=[Windows.UI.Xaml.Controls.Border] name=[ScrollBarSeparator] children=0
[02:00:26.225 tid=12588]   ADD  parent=255F1903458 idx=0 handle=255F19A4B88 type=[Windows.UI.Xaml.Controls.Grid] name=[] children=5
[02:00:26.225 tid=12588]   ADD  parent=255F198EA68 idx=0 handle=255F1903458 type=[Windows.UI.Xaml.Controls.Border] name=[Root] children=1
[02:00:26.227 tid=12588]   ADD  parent=255F1998198 idx=0 handle=255F19912F8 type=[Windows.UI.Xaml.Controls.ItemsPresenter] name=[] children=0
[02:00:26.227 tid=12588]   ADD  parent=255F198C138 idx=0 handle=255F19CAD28 type=[Windows.UI.Xaml.Controls.ItemsStackPanel] name=[] children=0
[02:00:26.227 tid=12588]   ADD  parent=255F19912F8 idx=0 handle=255F19CAD28 type=[Windows.UI.Xaml.Controls.ItemsStackPanel] name=[] children=0
[02:00:26.227 tid=12588]   ADD  parent=255F19912F8 idx=0 handle=255F18B2398 type=[Windows.UI.Xaml.Controls.ContentControl] name=[] children=0
[02:00:26.227 tid=12588]   ADD  parent=255F19912F8 idx=2 handle=255F18AE9C8 type=[Windows.UI.Xaml.Controls.ContentControl] name=[] children=0
[02:00:26.227 tid=12588]   ADD  parent=255F18D5FA8 idx=0 handle=255EEE59048 type=[Windows.UI.Xaml.Controls.ItemsPresenter] name=[] children=0
[02:00:26.227 tid=12588]   ADD  parent=255F18D5FA8 idx=0 handle=255F18B2148 type=[Windows.UI.Xaml.Controls.StackPanel] name=[] children=0
[02:00:26.227 tid=12588]   ADD  parent=255EEE59048 idx=0 handle=255F18B2148 type=[Windows.UI.Xaml.Controls.StackPanel] name=[] children=0
[02:00:26.227 tid=12588]   ADD  parent=255EEE59048 idx=0 handle=255F18B07D8 type=[Windows.UI.Xaml.Controls.ContentControl] name=[] children=0
[02:00:26.227 tid=12588]   ADD  parent=255EEE59048 idx=2 handle=255F18B0C78 type=[Windows.UI.Xaml.Controls.ContentControl] name=[] children=0
[02:00:26.227 tid=12588]   ADD  parent=255F18D65F8 idx=0 handle=255F19C6838 type=[Windows.UI.Xaml.Controls.ItemsPresenter] name=[] children=0
[02:00:26.227 tid=12588]   ADD  parent=255F18D65F8 idx=0 handle=255F18B1368 type=[Windows.UI.Xaml.Controls.StackPanel] name=[] children=0
[02:00:26.227 tid=12588]   ADD  parent=255F19C6838 idx=0 handle=255F18B1368 type=[Windows.UI.Xaml.Controls.StackPanel] name=[] children=0
[02:00:26.227 tid=12588]   ADD  parent=255F19C6838 idx=0 handle=255F18AEC18 type=[Windows.UI.Xaml.Controls.ContentControl] name=[] children=0
[02:00:26.227 tid=12588]   ADD  parent=255F19C6838 idx=2 handle=255F18B0A28 type=[Windows.UI.Xaml.Controls.ContentControl] name=[] children=0
[02:00:26.227 tid=12588]   ADD  parent=255F18AF7A8 idx=0 handle=255F18B9DC8 type=[Windows.UI.Xaml.Controls.ContentPresenter] name=[] children=0
[02:00:26.227 tid=12588]   ADD  parent=255F18B9DC8 idx=0 handle=255F19CF508 type=[Windows.UI.Xaml.Controls.GridView] name=[] children=0
[02:00:26.227 tid=12588]   ADD  parent=255F19D8248 idx=0 handle=255F19D8718 type=[Windows.UI.Xaml.Controls.ScrollViewer] name=[ScrollViewer] children=0
[02:00:26.227 tid=12588]   ADD  parent=255F19CF508 idx=0 handle=255F19D8248 type=[Windows.UI.Xaml.Controls.Border] name=[] children=1
[02:00:26.229 tid=12588]   ADD  parent=255F19A2658 idx=0 handle=255F19E5538 type=[Windows.UI.Xaml.Controls.ScrollContentPresenter] name=[ScrollContentPresenter] children=0
[02:00:26.229 tid=12588]   ADD  parent=255F19A2658 idx=1 handle=255F19A2AB8 type=[Windows.UI.Xaml.Controls.Grid] name=[] children=0
[02:00:26.229 tid=12588]   ADD  parent=255F19A6398 idx=0 handle=255F19E5DE8 type=[Windows.UI.Xaml.Controls.Primitives.ScrollBar] name=[VerticalScrollBar] children=0
[02:00:26.229 tid=12588]   ADD  parent=255F19A2658 idx=2 handle=255F19A6398 type=[Windows.UI.Xaml.Controls.Grid] name=[] children=1
[02:00:26.229 tid=12588]   ADD  parent=255F19A4FE8 idx=0 handle=255F19E64D8 type=[Windows.UI.Xaml.Controls.Primitives.ScrollBar] name=[HorizontalScrollBar] children=0
[02:00:26.229 tid=12588]   ADD  parent=255F19A2658 idx=3 handle=255F19A4FE8 type=[Windows.UI.Xaml.Controls.Grid] name=[] children=1
[02:00:26.229 tid=12588]   ADD  parent=255F19A2658 idx=4 handle=255F19E5828 type=[Windows.UI.Xaml.Controls.Border] name=[ScrollBarSeparator] children=0
[02:00:26.229 tid=12588]   ADD  parent=255F19D9318 idx=0 handle=255F19A2658 type=[Windows.UI.Xaml.Controls.Grid] name=[] children=5
[02:00:26.229 tid=12588]   ADD  parent=255F19D8718 idx=0 handle=255F19D9318 type=[Windows.UI.Xaml.Controls.Border] name=[Root] children=1
[02:00:26.229 tid=12588]   ADD  parent=255F19E5538 idx=0 handle=255F19D8F98 type=[Windows.UI.Xaml.Controls.ItemsPresenter] name=[] children=0
[02:00:26.229 tid=12588]   ADD  parent=255F19CF508 idx=0 handle=255F19FD8B8 type=[Windows.UI.Xaml.Controls.ItemsStackPanel] name=[] children=0
[02:00:26.229 tid=12588]   ADD  parent=255F19D8F98 idx=0 handle=255F19FD8B8 type=[Windows.UI.Xaml.Controls.ItemsStackPanel] name=[] children=0
[02:00:26.229 tid=12588]   ADD  parent=255F19D8F98 idx=0 handle=255F18AF0B8 type=[Windows.UI.Xaml.Controls.ContentControl] name=[] children=0
[02:00:26.229 tid=12588]   ADD  parent=255F19D8F98 idx=2 handle=255F18B00E8 type=[Windows.UI.Xaml.Controls.ContentControl] name=[] children=0
[02:00:26.353 tid=12588]   REM  parent=0 idx=0 handle=255F18AF0B8 type=[] name=[] children=0
[02:00:26.353 tid=12588]   REM  parent=0 idx=0 handle=255F19FD8B8 type=[] name=[] children=0
[02:00:26.353 tid=12588]   REM  parent=0 idx=0 handle=255F18B00E8 type=[] name=[] children=0
[02:00:26.353 tid=12588]   REM  parent=0 idx=0 handle=255F19D8F98 type=[] name=[] children=0
[02:00:26.353 tid=12588]   REM  parent=0 idx=0 handle=255F19E5538 type=[] name=[] children=0
[02:00:26.353 tid=12588]   REM  parent=0 idx=0 handle=255F19A2AB8 type=[] name=[] children=0
[02:00:26.366 tid=12588]   REM  parent=0 idx=0 handle=255F19E5DE8 type=[] name=[] children=0
[02:00:26.366 tid=12588]   REM  parent=0 idx=0 handle=255F19A6398 type=[] name=[] children=0
[02:00:26.366 tid=12588]   REM  parent=0 idx=0 handle=255F19E64D8 type=[] name=[] children=0
[02:00:26.366 tid=12588]   REM  parent=0 idx=0 handle=255F19A4FE8 type=[] name=[] children=0
[02:00:26.366 tid=12588]   REM  parent=0 idx=0 handle=255F19E5828 type=[] name=[] children=0
[02:00:26.366 tid=12588]   REM  parent=0 idx=0 handle=255F19A2658 type=[] name=[] children=0
[02:00:26.366 tid=12588]   REM  parent=0 idx=0 handle=255F19D9318 type=[] name=[] children=0
[02:00:26.366 tid=12588]   REM  parent=0 idx=0 handle=255F19D8718 type=[] name=[] children=0
[02:00:26.366 tid=12588]   REM  parent=0 idx=0 handle=255F19D8248 type=[] name=[] children=0
[02:00:26.366 tid=12588]   REM  parent=0 idx=0 handle=255F19CF508 type=[] name=[] children=0
[02:00:26.369 tid=12588]   REM  parent=0 idx=0 handle=255F18B2398 type=[] name=[] children=0
[02:00:26.369 tid=12588]   REM  parent=0 idx=0 handle=255F19CAD28 type=[] name=[] children=0
[02:00:26.369 tid=12588]   REM  parent=0 idx=0 handle=255F18AE9C8 type=[] name=[] children=0
[02:00:26.369 tid=12588]   REM  parent=0 idx=0 handle=255F19912F8 type=[] name=[] children=0
[02:00:26.369 tid=12588]   REM  parent=0 idx=0 handle=255F1998198 type=[] name=[] children=0
[02:00:26.369 tid=12588]   REM  parent=0 idx=0 handle=255F19A3148 type=[] name=[] children=0
[02:00:26.369 tid=12588]   REM  parent=0 idx=0 handle=255F19AABE8 type=[] name=[] children=0
[02:00:26.369 tid=12588]   REM  parent=0 idx=0 handle=255F19A4098 type=[] name=[] children=0
[02:00:26.369 tid=12588]   REM  parent=0 idx=0 handle=255F19AF078 type=[] name=[] children=0
[02:00:26.369 tid=12588]   REM  parent=0 idx=0 handle=255F19A2CE8 type=[] name=[] children=0
[02:00:26.369 tid=12588]   REM  parent=0 idx=0 handle=255EC155878 type=[] name=[] children=0
[02:00:26.369 tid=12588]   REM  parent=0 idx=0 handle=255F19A4B88 type=[] name=[] children=0
[02:00:26.369 tid=12588]   REM  parent=0 idx=0 handle=255F1903458 type=[] name=[] children=0
[02:00:26.369 tid=12588]   REM  parent=0 idx=0 handle=255F198EA68 type=[] name=[] children=0
[02:00:26.369 tid=12588]   REM  parent=0 idx=0 handle=255F1950428 type=[] name=[] children=0
[02:00:26.369 tid=12588]   REM  parent=0 idx=0 handle=255F198C138 type=[] name=[] children=0
[02:00:26.387 tid=12588]   ADD  parent=255F18E0278 idx=0 handle=255EC1F21F8 type=[Windows.UI.Xaml.Controls.ContentPresenter] name=[] children=0
[02:00:26.387 tid=12588]   ADD  parent=255F1A140A8 idx=0 handle=255F215D048 type=[Windows.UI.Xaml.Controls.ContentControl] name=[PageWindow] children=0
[02:00:26.387 tid=12588]   ADD  parent=255EC1F21F8 idx=0 handle=255F1A140A8 type=[ControlCenter.FullScreenPage] name=[FullScreenPageControl] children=1
[02:00:26.387 tid=12588]   ADD  parent=255F215D048 idx=0 handle=255F21A7728 type=[Windows.UI.Xaml.Controls.ContentPresenter] name=[] children=0
[02:00:26.387 tid=12588]   ADD  parent=255F19A5D08 idx=0 handle=255F18BCD38 type=[Windows.UI.Xaml.Controls.ContentPresenter] name=[PageHeader] children=0
[02:00:26.387 tid=12588]   ADD  parent=255F19A5D08 idx=1 handle=255F18B9168 type=[Windows.UI.Xaml.Controls.ContentPresenter] name=[PageContent] children=0
[02:00:26.387 tid=12588]   ADD  parent=255F21A7728 idx=0 handle=255F19A5D08 type=[Windows.UI.Xaml.Controls.Grid] name=[FullScreenPageRoot] children=2
[02:00:26.391 tid=12588]   ADD  parent=255F21AF008 idx=0 handle=255F196FB78 type=[Windows.UI.Xaml.Controls.Button] name=[BackButton] children=0
[02:00:26.391 tid=12588]   ADD  parent=255F21AF008 idx=1 handle=255F21A7308 type=[Windows.UI.Xaml.Controls.TextBlock] name=[PageTitleText] children=0
[02:00:26.391 tid=12588]   ADD  parent=255F21AF008 idx=2 handle=255F215C958 type=[Windows.UI.Xaml.Controls.ContentControl] name=[PageHeaderContentControl] children=0
[02:00:26.391 tid=12588]   ADD  parent=255F21AC1C8 idx=0 handle=255F21AF008 type=[Windows.UI.Xaml.Controls.Grid] name=[] children=3
[02:00:26.391 tid=12588]   ADD  parent=255F18BCD38 idx=0 handle=255F21AC1C8 type=[Windows.UI.Xaml.Controls.Border] name=[] children=1
[02:00:26.391 tid=12588]   ADD  parent=255F196FB78 idx=0 handle=255F21A5A48 type=[Windows.UI.Xaml.Controls.ContentPresenter] name=[ContentPresenter] children=0
[02:00:26.391 tid=12588]   ADD  parent=255F21A5A48 idx=0 handle=255F19B0C38 type=[Windows.UI.Xaml.Controls.FontIcon] name=[] children=0
[02:00:26.391 tid=12588]   ADD  parent=255F19B0C38 idx=0 handle=255F21AC8A8 type=[Windows.UI.Xaml.Controls.Grid] name=[] children=0
[02:00:26.391 tid=12588]   ADD  parent=255F21AC8A8 idx=0 handle=255F21A6CD8 type=[Windows.UI.Xaml.Controls.TextBlock] name=[] children=0
[02:00:26.393 tid=12588]   ADD  parent=255F215C958 idx=0 handle=255F21A7938 type=[Windows.UI.Xaml.Controls.ContentPresenter] name=[] children=0
[02:00:26.393 tid=12588]   ADD  parent=255F21A7938 idx=0 handle=255F215BB78 type=[Windows.UI.Xaml.Controls.ContentControl] name=[] children=0
[02:00:26.393 tid=12588]   ADD  parent=255F215BB78 idx=0 handle=255F21A7B48 type=[Windows.UI.Xaml.Controls.ContentPresenter] name=[] children=0
[02:00:26.393 tid=12588]   ADD  parent=255F21A7B48 idx=0 handle=255F215CDF8 type=[Windows.UI.Xaml.Controls.ContentControl] name=[] children=0
[02:00:26.393 tid=12588]   ADD  parent=255F215CDF8 idx=0 handle=255F21A7D58 type=[Windows.UI.Xaml.Controls.ContentPresenter] name=[] children=0
[02:00:26.393 tid=12588]   ADD  parent=255F21AB818 idx=0 handle=255F19B1038 type=[Windows.UI.Xaml.Controls.FontIcon] name=[] children=0
[02:00:26.393 tid=12588]   ADD  parent=255F215E2C8 idx=0 handle=255F21AB818 type=[Windows.UI.Xaml.Controls.Border] name=[] children=1
[02:00:26.393 tid=12588]   ADD  parent=255F21D6CA8 idx=0 handle=255F21A7F68 type=[Windows.UI.Xaml.Controls.TextBlock] name=[] children=0
[02:00:26.393 tid=12588]   ADD  parent=255F215E2C8 idx=1 handle=255F21D6CA8 type=[Windows.UI.Xaml.Controls.Border] name=[] children=1
[02:00:26.393 tid=12588]   ADD  parent=255F21D6AB8 idx=0 handle=255F21A8388 type=[Windows.UI.Xaml.Controls.TextBlock] name=[] children=0
[02:00:26.395 tid=12588]   ADD  parent=255F215E2C8 idx=2 handle=255F21D6AB8 type=[Windows.UI.Xaml.Controls.Border] name=[] children=1
[02:00:26.395 tid=12588]   ADD  parent=255F21A7D58 idx=0 handle=255F215E2C8 type=[Windows.UI.Xaml.Controls.StackPanel] name=[] children=3
[02:00:26.395 tid=12588]   ADD  parent=255F19B1038 idx=0 handle=255F21AE978 type=[Windows.UI.Xaml.Controls.Grid] name=[] children=0
[02:00:26.395 tid=12588]   ADD  parent=255F21AE978 idx=0 handle=255F21A5838 type=[Windows.UI.Xaml.Controls.TextBlock] name=[] children=0
[02:00:26.399 tid=12588]   ADD  parent=255F21AF698 idx=0 handle=255F221C358 type=[Windows.UI.Xaml.Controls.ScrollViewer] name=[ListContent] children=0
[02:00:26.399 tid=12588]   ADD  parent=255F21AF698 idx=1 handle=255F221CDA8 type=[Windows.UI.Xaml.Controls.ItemsControl] name=[Footer] children=0
[02:00:26.399 tid=12588] *** Footer appeared: type=[Windows.UI.Xaml.Controls.ItemsControl] handle=255F221CDA8 children=0
[02:00:26.399 tid=12588]     GetIInspectableFromHandle hr=0x00000000 ptr=00000255F221CDA8
[02:00:26.399 tid=12588]     -> real element class = [Windows.UI.Xaml.Controls.ItemsControl]
[02:00:26.399 tid=12588]   ADD  parent=255F18B9168 idx=0 handle=255F21AF698 type=[Windows.UI.Xaml.Controls.Grid] name=[] children=2
[02:00:26.399 tid=12588]   ADD  parent=255F221CDA8 idx=0 handle=255F212CD38 type=[Windows.UI.Xaml.Controls.ItemsPresenter] name=[] children=0
[02:00:26.399 tid=12588]   ADD  parent=255F221CDA8 idx=0 handle=255F215BDC8 type=[Windows.UI.Xaml.Controls.StackPanel] name=[] children=0
[02:00:26.399 tid=12588]   ADD  parent=255F212CD38 idx=0 handle=255F215BDC8 type=[Windows.UI.Xaml.Controls.StackPanel] name=[] children=0
[02:00:26.399 tid=12588]   ADD  parent=255F215BDC8 idx=0 handle=255F21A6EE8 type=[Windows.UI.Xaml.Controls.ContentPresenter] name=[] children=0
[02:00:26.399 tid=12588]   ADD  parent=255F212CD38 idx=0 handle=255F215C4B8 type=[Windows.UI.Xaml.Controls.ContentControl] name=[] children=0
[02:00:26.399 tid=12588]   ADD  parent=255F212CD38 idx=2 handle=255F215E078 type=[Windows.UI.Xaml.Controls.ContentControl] name=[] children=0
[02:00:26.399 tid=12588]   ADD  parent=255F21D6E98 idx=0 handle=255F22274D8 type=[Windows.UI.Xaml.Controls.ItemsControl] name=[] children=0
[02:00:26.399 tid=12588]   ADD  parent=255F21A6EE8 idx=0 handle=255F21D6E98 type=[Windows.UI.Xaml.Controls.Border] name=[] children=1
[02:00:26.399 tid=12588]   ADD  parent=255F22274D8 idx=0 handle=255F212B838 type=[Windows.UI.Xaml.Controls.ItemsPresenter] name=[] children=0
[02:00:26.399 tid=12588]   ADD  parent=255F22274D8 idx=0 handle=255F215D988 type=[Windows.UI.Xaml.Controls.StackPanel] name=[] children=0
[02:00:26.399 tid=12588]   ADD  parent=255F212B838 idx=0 handle=255F215D988 type=[Windows.UI.Xaml.Controls.StackPanel] name=[] children=0
[02:00:26.399 tid=12588]   ADD  parent=255F215D988 idx=0 handle=255F21A5E68 type=[Windows.UI.Xaml.Controls.ContentPresenter] name=[] children=0
[02:00:26.399 tid=12588]   ADD  parent=255F212B838 idx=0 handle=255F215D4E8 type=[Windows.UI.Xaml.Controls.ContentControl] name=[] children=0
[02:00:26.399 tid=12588]   ADD  parent=255F212B838 idx=2 handle=255F215C708 type=[Windows.UI.Xaml.Controls.ContentControl] name=[] children=0
[02:00:26.399 tid=12588]   ADD  parent=255F21A5E68 idx=0 handle=255F215B488 type=[Windows.UI.Xaml.Controls.ContentControl] name=[] children=0
[02:00:26.399 tid=12588]   ADD  parent=255F215B488 idx=0 handle=255F21A6498 type=[Windows.UI.Xaml.Controls.ContentPresenter] name=[] children=0
[02:00:26.399 tid=12588]   ADD  parent=255F21A6498 idx=0 handle=255F18B7038 type=[Windows.UI.Xaml.Controls.Button] name=[] children=0
[02:00:26.399 tid=12588]   ADD  parent=255F21B0188 idx=0 handle=255F21A70F8 type=[Windows.UI.Xaml.Controls.ContentPresenter] name=[Content] children=0
[02:00:26.399 tid=12588]   ADD  parent=255F18B7038 idx=0 handle=255F21B0188 type=[Windows.UI.Xaml.Controls.Grid] name=[RootGrid] children=1
[02:00:26.399 tid=12588]   ADD  parent=255F21A70F8 idx=0 handle=255F21A6AC8 type=[Windows.UI.Xaml.Controls.TextBlock] name=[] children=0
[02:00:26.399 tid=12588]   ADD  parent=255F224C958 idx=0 handle=255F1997D28 type=[Windows.UI.Xaml.Controls.ScrollContentPresenter] name=[ScrollContentPresenter] children=0
[02:00:26.399 tid=12588]   ADD  parent=255F224C958 idx=1 handle=255F224BE68 type=[Windows.UI.Xaml.Controls.Grid] name=[] children=0
[02:00:26.399 tid=12588]   ADD  parent=255F21AE2E8 idx=0 handle=255F18B7988 type=[Windows.UI.Xaml.Controls.Primitives.ScrollBar] name=[VerticalScrollBar] children=0
[02:00:26.399 tid=12588]   ADD  parent=255F224C958 idx=2 handle=255F21AE2E8 type=[Windows.UI.Xaml.Controls.Grid] name=[] children=1
[02:00:26.399 tid=12588]   ADD  parent=255F224B7D8 idx=0 handle=255F18B8208 type=[Windows.UI.Xaml.Controls.Primitives.ScrollBar] name=[HorizontalScrollBar] children=0
[02:00:26.399 tid=12588]   ADD  parent=255F224C958 idx=3 handle=255F224B7D8 type=[Windows.UI.Xaml.Controls.Grid] name=[] children=1
[02:00:26.399 tid=12588]   ADD  parent=255F224C958 idx=4 handle=255F21D7468 type=[Windows.UI.Xaml.Controls.Border] name=[ScrollBarSeparator] children=0
[02:00:26.399 tid=12588]   ADD  parent=255F21D7A38 idx=0 handle=255F224C958 type=[Windows.UI.Xaml.Controls.Grid] name=[] children=5
[02:00:26.399 tid=12588]   ADD  parent=255F221C358 idx=0 handle=255F21D7A38 type=[Windows.UI.Xaml.Controls.Border] name=[Root] children=1
[02:00:26.399 tid=12588]   ADD  parent=255F1997D28 idx=0 handle=255F221C9E8 type=[Windows.UI.Xaml.Controls.ItemsControl] name=[] children=0
[02:00:26.399 tid=12588]   ADD  parent=255F221C9E8 idx=0 handle=255F212C2B8 type=[Windows.UI.Xaml.Controls.ItemsPresenter] name=[] children=0
[02:00:26.399 tid=12588]   ADD  parent=255F221C9E8 idx=0 handle=255F215D738 type=[Windows.UI.Xaml.Controls.StackPanel] name=[] children=0
[02:00:26.399 tid=12588]   ADD  parent=255F212C2B8 idx=0 handle=255F215D738 type=[Windows.UI.Xaml.Controls.StackPanel] name=[] children=0
[02:00:26.399 tid=12588]   ADD  parent=255F215D738 idx=0 handle=255F21A6078 type=[Windows.UI.Xaml.Controls.ContentPresenter] name=[] children=0
[02:00:26.399 tid=12588]   ADD  parent=255F215D738 idx=1 handle=255F21A8178 type=[Windows.UI.Xaml.Controls.ContentPresenter] name=[] children=0
[02:00:26.399 tid=12588]   ADD  parent=255F215D738 idx=2 handle=255F21A8598 type=[Windows.UI.Xaml.Controls.ContentPresenter] name=[] children=0
[02:00:26.399 tid=12588]   ADD  parent=255F212C2B8 idx=0 handle=255F215E768 type=[Windows.UI.Xaml.Controls.ContentControl] name=[] children=0
[02:00:26.399 tid=12588]   ADD  parent=255F212C2B8 idx=2 handle=255F215CBA8 type=[Windows.UI.Xaml.Controls.ContentControl] name=[] children=0
[02:00:26.399 tid=12588]   ADD  parent=255F21A6078 idx=0 handle=255F22641E8 type=[Windows.UI.Xaml.Controls.GridView] name=[] children=0
[02:00:26.399 tid=12588]   ADD  parent=255F21D66D8 idx=0 handle=255F2264B08 type=[Windows.UI.Xaml.Controls.ScrollViewer] name=[ScrollViewer] children=0
[02:00:26.399 tid=12588]   ADD  parent=255F22641E8 idx=0 handle=255F21D66D8 type=[Windows.UI.Xaml.Controls.Border] name=[] children=1
[02:00:26.399 tid=12588]   ADD  parent=255F224CB88 idx=0 handle=255F2265198 type=[Windows.UI.Xaml.Controls.ScrollContentPresenter] name=[ScrollContentPresenter] children=0
[02:00:26.399 tid=12588]   ADD  parent=255F224CB88 idx=1 handle=255F224CDB8 type=[Windows.UI.Xaml.Controls.Grid] name=[] children=0
[02:00:26.399 tid=12588]   ADD  parent=255F224C4F8 idx=0 handle=255F22B0FE8 type=[Windows.UI.Xaml.Controls.Primitives.ScrollBar] name=[VerticalScrollBar] children=0
[02:00:26.399 tid=12588]   ADD  parent=255F224CB88 idx=2 handle=255F224C4F8 type=[Windows.UI.Xaml.Controls.Grid] name=[] children=1
[02:00:26.399 tid=12588]   ADD  parent=255F224C728 idx=0 handle=255F22B5478 type=[Windows.UI.Xaml.Controls.Primitives.ScrollBar] name=[HorizontalScrollBar] children=0
[02:00:26.399 tid=12588]   ADD  parent=255F224CB88 idx=3 handle=255F224C728 type=[Windows.UI.Xaml.Controls.Grid] name=[] children=1
[02:00:26.399 tid=12588]   ADD  parent=255F224CB88 idx=4 handle=255F21D68C8 type=[Windows.UI.Xaml.Controls.Border] name=[ScrollBarSeparator] children=0
[02:00:26.399 tid=12588]   ADD  parent=255F21D7848 idx=0 handle=255F224CB88 type=[Windows.UI.Xaml.Controls.Grid] name=[] children=5
[02:00:26.399 tid=12588]   ADD  parent=255F2264B08 idx=0 handle=255F21D7848 type=[Windows.UI.Xaml.Controls.Border] name=[Root] children=1
[02:00:26.399 tid=12588]   ADD  parent=255F2265198 idx=0 handle=255F212D0B8 type=[Windows.UI.Xaml.Controls.ItemsPresenter] name=[] children=0
[02:00:26.399 tid=12588]   ADD  parent=255F22641E8 idx=0 handle=255F22C1DF8 type=[Windows.UI.Xaml.Controls.ItemsStackPanel] name=[] children=0
[02:00:26.399 tid=12588]   ADD  parent=255F212D0B8 idx=0 handle=255F22C1DF8 type=[Windows.UI.Xaml.Controls.ItemsStackPanel] name=[] children=0
[02:00:26.399 tid=12588]   ADD  parent=255F212D0B8 idx=0 handle=255F215EC08 type=[Windows.UI.Xaml.Controls.ContentControl] name=[] children=0
[02:00:26.399 tid=12588]   ADD  parent=255F212D0B8 idx=2 handle=255F215DBD8 type=[Windows.UI.Xaml.Controls.ContentControl] name=[] children=0
[02:00:26.399 tid=12588]   ADD  parent=255F22C1DF8 idx=0 handle=255F218F588 type=[Windows.UI.Xaml.Controls.GridViewItem] name=[] children=0
[02:00:26.414 tid=12588]   ADD  parent=255F218F588 idx=0 handle=255F22C45A8 type=[Windows.UI.Xaml.Controls.Primitives.ListViewItemPresenter] name=[Root] children=0
[02:00:26.414 tid=12588]   ADD  parent=255F22C45A8 idx=0 handle=255F215E9B8 type=[Windows.UI.Xaml.Controls.ContentControl] name=[] children=0
[02:00:26.414 tid=12588]   ADD  parent=255F22C45A8 idx=0 handle=255F22DC638 type=[Windows.UI.Xaml.Controls.Border] name=[] children=0
[02:00:26.414 tid=12588]   ADD  parent=255F215E9B8 idx=0 handle=255F21A6288 type=[Windows.UI.Xaml.Controls.ContentPresenter] name=[] children=0
[02:00:26.430 tid=12588]   ADD  parent=255F215B238 idx=0 handle=255F21A8DD8 type=[Windows.UI.Xaml.Controls.TextBlock] name=[OutputGroupTitle] children=0
[02:00:26.430 tid=12588]   ADD  parent=255F215B238 idx=1 handle=255F21A89B8 type=[Windows.UI.Xaml.Controls.TextBlock] name=[] children=0
[02:00:26.430 tid=12588]   ADD  parent=255F215B238 idx=2 handle=255F19E6958 type=[Windows.UI.Xaml.Controls.Button] name=[] children=0
[02:00:26.430 tid=12588]   ADD  parent=255F215B238 idx=3 handle=255F22F1108 type=[Windows.UI.Xaml.Controls.ListView] name=[ListWithOutputGroupTitle] children=0
[02:00:26.430 tid=12588]   ADD  parent=255F215B238 idx=4 handle=255F215AFE8 type=[Windows.UI.Xaml.Controls.ContentControl] name=[] children=0
[02:00:26.430 tid=12588]   ADD  parent=255F21A6288 idx=0 handle=255F215B238 type=[Windows.UI.Xaml.Controls.StackPanel] name=[] children=5
[02:00:26.430 tid=12588]   ADD  parent=255F224D678 idx=0 handle=255F21A8FE8 type=[Windows.UI.Xaml.Controls.ContentPresenter] name=[Content] children=0
[02:00:26.430 tid=12588]   ADD  parent=255F19E6958 idx=0 handle=255F224D678 type=[Windows.UI.Xaml.Controls.Grid] name=[RootGrid] children=1
[02:00:26.430 tid=12588]   ADD  parent=255F21A8FE8 idx=0 handle=255F21A8BC8 type=[Windows.UI.Xaml.Controls.TextBlock] name=[] children=0
[02:00:26.430 tid=12588]   ADD  parent=255F22DC258 idx=0 handle=255F22FDB58 type=[Windows.UI.Xaml.Controls.ScrollViewer] name=[ScrollViewer] children=0
[02:00:26.430 tid=12588]   ADD  parent=255F22F1108 idx=0 handle=255F22DC258 type=[Windows.UI.Xaml.Controls.Border] name=[] children=1
[02:00:26.430 tid=12588]   ADD  parent=255F2309908 idx=0 handle=255F18B8A88 type=[Windows.UI.Xaml.Controls.ScrollContentPresenter] name=[ScrollContentPresenter] children=0
[02:00:26.430 tid=12588]   ADD  parent=255F2309908 idx=1 handle=255F2309B38 type=[Windows.UI.Xaml.Controls.Grid] name=[] children=0
[02:00:26.430 tid=12588]   ADD  parent=255F23096D8 idx=0 handle=255F22FA268 type=[Windows.UI.Xaml.Controls.Primitives.ScrollBar] name=[VerticalScrollBar] children=0
[02:00:26.430 tid=12588]   ADD  parent=255F2309908 idx=2 handle=255F23096D8 type=[Windows.UI.Xaml.Controls.Grid] name=[] children=1
[02:00:26.430 tid=12588]   ADD  parent=255F2308328 idx=0 handle=255F2310238 type=[Windows.UI.Xaml.Controls.Primitives.ScrollBar] name=[HorizontalScrollBar] children=0
[02:00:26.430 tid=12588]   ADD  parent=255F2309908 idx=3 handle=255F2308328 type=[Windows.UI.Xaml.Controls.Grid] name=[] children=1
[02:00:26.430 tid=12588]   ADD  parent=255F2309908 idx=4 handle=255F22DBC88 type=[Windows.UI.Xaml.Controls.Border] name=[ScrollBarSeparator] children=0
[02:00:26.430 tid=12588]   ADD  parent=255F22DB8A8 idx=0 handle=255F2309908 type=[Windows.UI.Xaml.Controls.Grid] name=[] children=5
[02:00:26.430 tid=12588]   ADD  parent=255F22FDB58 idx=0 handle=255F22DB8A8 type=[Windows.UI.Xaml.Controls.Border] name=[Root] children=1
[02:00:26.430 tid=12588]   ADD  parent=255F18B8A88 idx=0 handle=255F212D438 type=[Windows.UI.Xaml.Controls.ItemsPresenter] name=[] children=0
[02:00:26.441 tid=12588]   ADD  parent=255F22F1108 idx=0 handle=255F2324FF8 type=[Windows.UI.Xaml.Controls.ItemsStackPanel] name=[] children=0
[02:00:26.441 tid=12588]   ADD  parent=255F212D438 idx=0 handle=255F2324FF8 type=[Windows.UI.Xaml.Controls.ItemsStackPanel] name=[] children=0
[02:00:26.441 tid=12588]   ADD  parent=255F212D438 idx=0 handle=255F215B928 type=[Windows.UI.Xaml.Controls.ContentControl] name=[] children=0
[02:00:26.441 tid=12588]   ADD  parent=255F212D438 idx=2 handle=255F22FEB78 type=[Windows.UI.Xaml.Controls.ContentControl] name=[] children=0
[02:00:26.441 tid=12588]   ADD  parent=255F215AFE8 idx=0 handle=255F21A5418 type=[Windows.UI.Xaml.Controls.ContentPresenter] name=[] children=0
[02:00:26.441 tid=12588]   ADD  parent=255F21A5418 idx=0 handle=255F232BA68 type=[Windows.UI.Xaml.Controls.Button] name=[] children=0
[02:00:26.441 tid=12588]   ADD  parent=255F21A8178 idx=0 handle=255F22FCCC8 type=[Windows.UI.Xaml.Controls.GridView] name=[] children=0
[02:00:26.441 tid=12588]   ADD  parent=255F22DB4C8 idx=0 handle=255F2336E68 type=[Windows.UI.Xaml.Controls.ScrollViewer] name=[ScrollViewer] children=0
[02:00:26.441 tid=12588]   ADD  parent=255F22FCCC8 idx=0 handle=255F22DB4C8 type=[Windows.UI.Xaml.Controls.Border] name=[] children=1
[02:00:26.445 tid=12588]   ADD  parent=255F2307EC8 idx=0 handle=255F22FD5E8 type=[Windows.UI.Xaml.Controls.ScrollContentPresenter] name=[ScrollContentPresenter] children=0
[02:00:26.445 tid=12588]   ADD  parent=255F2307EC8 idx=1 handle=255F2308BE8 type=[Windows.UI.Xaml.Controls.Grid] name=[] children=0
[02:00:26.445 tid=12588]   ADD  parent=255F2308788 idx=0 handle=255F2341528 type=[Windows.UI.Xaml.Controls.Primitives.ScrollBar] name=[VerticalScrollBar] children=0
[02:00:26.445 tid=12588]   ADD  parent=255F2307EC8 idx=2 handle=255F2308788 type=[Windows.UI.Xaml.Controls.Grid] name=[] children=1
[02:00:26.445 tid=12588]   ADD  parent=255F2309D68 idx=0 handle=255F23419A8 type=[Windows.UI.Xaml.Controls.Primitives.ScrollBar] name=[HorizontalScrollBar] children=0
[02:00:26.445 tid=12588]   ADD  parent=255F2307EC8 idx=3 handle=255F2309D68 type=[Windows.UI.Xaml.Controls.Grid] name=[] children=1
[02:00:26.445 tid=12588]   ADD  parent=255F2307EC8 idx=4 handle=255F233B748 type=[Windows.UI.Xaml.Controls.Border] name=[ScrollBarSeparator] children=0
[02:00:26.445 tid=12588]   ADD  parent=255F233C0F8 idx=0 handle=255F2307EC8 type=[Windows.UI.Xaml.Controls.Grid] name=[] children=5
[02:00:26.445 tid=12588]   ADD  parent=255F2336E68 idx=0 handle=255F233C0F8 type=[Windows.UI.Xaml.Controls.Border] name=[Root] children=1
[02:00:26.445 tid=12588]   ADD  parent=255F22FD5E8 idx=0 handle=255F212BBB8 type=[Windows.UI.Xaml.Controls.ItemsPresenter] name=[] children=0
[02:00:26.445 tid=12588]   ADD  parent=255F22FCCC8 idx=0 handle=255F2357948 type=[Windows.UI.Xaml.Controls.ItemsStackPanel] name=[] children=0
[02:00:26.445 tid=12588]   ADD  parent=255F212BBB8 idx=0 handle=255F2357948 type=[Windows.UI.Xaml.Controls.ItemsStackPanel] name=[] children=0
[02:00:26.445 tid=12588]   ADD  parent=255F212BBB8 idx=0 handle=255F2301C08 type=[Windows.UI.Xaml.Controls.ContentControl] name=[] children=0
[02:00:26.445 tid=12588]   ADD  parent=255F212BBB8 idx=2 handle=255F22FEDC8 type=[Windows.UI.Xaml.Controls.ContentControl] name=[] children=0
[02:00:26.445 tid=12588]   ADD  parent=255F2357948 idx=0 handle=255F21909D8 type=[Windows.UI.Xaml.Controls.GridViewItem] name=[] children=0
[02:00:26.445 tid=12588]   ADD  parent=255F21909D8 idx=0 handle=255F235A0F8 type=[Windows.UI.Xaml.Controls.Primitives.ListViewItemPresenter] name=[Root] children=0
[02:00:26.445 tid=12588]   ADD  parent=255F235A0F8 idx=0 handle=255F22FF018 type=[Windows.UI.Xaml.Controls.ContentControl] name=[] children=0
[02:00:26.445 tid=12588]   ADD  parent=255F235A0F8 idx=0 handle=255F233C8B8 type=[Windows.UI.Xaml.Controls.Border] name=[] children=0
[02:00:26.445 tid=12588]   ADD  parent=255F22FF018 idx=0 handle=255F2364CE8 type=[Windows.UI.Xaml.Controls.ContentPresenter] name=[] children=0
[02:00:26.445 tid=12588]   ADD  parent=255F22FE6D8 idx=0 handle=255F2365F78 type=[Windows.UI.Xaml.Controls.TextBlock] name=[SpatialGroupTitle] children=0
[02:00:26.445 tid=12588]   ADD  parent=255F22FE6D8 idx=1 handle=255F236C478 type=[Windows.UI.Xaml.Controls.ListView] name=[] children=0
[02:00:26.445 tid=12588]   ADD  parent=255F2364CE8 idx=0 handle=255F22FE6D8 type=[Windows.UI.Xaml.Controls.StackPanel] name=[] children=2
[02:00:26.445 tid=12588]   ADD  parent=255F233D078 idx=0 handle=255F236D1B8 type=[Windows.UI.Xaml.Controls.ScrollViewer] name=[ScrollViewer] children=0
[02:00:26.445 tid=12588]   ADD  parent=255F236C478 idx=0 handle=255F233D078 type=[Windows.UI.Xaml.Controls.Border] name=[] children=1
[02:00:26.445 tid=12588]   ADD  parent=255F2386B98 idx=0 handle=255F236D848 type=[Windows.UI.Xaml.Controls.ScrollContentPresenter] name=[ScrollContentPresenter] children=0
[02:00:26.445 tid=12588]   ADD  parent=255F2386B98 idx=1 handle=255F2384208 type=[Windows.UI.Xaml.Controls.Grid] name=[] children=0
[02:00:26.445 tid=12588]   ADD  parent=255F2384438 idx=0 handle=255F2387278 type=[Windows.UI.Xaml.Controls.Primitives.ScrollBar] name=[VerticalScrollBar] children=0
[02:00:26.445 tid=12588]   ADD  parent=255F2386B98 idx=2 handle=255F2384438 type=[Windows.UI.Xaml.Controls.Grid] name=[] children=1
[02:00:26.445 tid=12588]   ADD  parent=255F2384668 idx=0 handle=255F23876F8 type=[Windows.UI.Xaml.Controls.Primitives.ScrollBar] name=[HorizontalScrollBar] children=0
[02:00:26.445 tid=12588]   ADD  parent=255F2386B98 idx=3 handle=255F2384668 type=[Windows.UI.Xaml.Controls.Grid] name=[] children=1
[02:00:26.445 tid=12588]   ADD  parent=255F2386B98 idx=4 handle=255F233C4D8 type=[Windows.UI.Xaml.Controls.Border] name=[ScrollBarSeparator] children=0
[02:00:26.445 tid=12588]   ADD  parent=255F233BF08 idx=0 handle=255F2386B98 type=[Windows.UI.Xaml.Controls.Grid] name=[] children=5
[02:00:26.445 tid=12588]   ADD  parent=255F236D1B8 idx=0 handle=255F233BF08 type=[Windows.UI.Xaml.Controls.Border] name=[Root] children=1
[02:00:26.445 tid=12588]   ADD  parent=255F236D848 idx=0 handle=255F212BF38 type=[Windows.UI.Xaml.Controls.ItemsPresenter] name=[] children=0
[02:00:26.445 tid=12588]   ADD  parent=255F236C478 idx=0 handle=255F239C898 type=[Windows.UI.Xaml.Controls.ItemsStackPanel] name=[] children=0
[02:00:26.445 tid=12588]   ADD  parent=255F212BF38 idx=0 handle=255F239C898 type=[Windows.UI.Xaml.Controls.ItemsStackPanel] name=[] children=0
[02:00:26.445 tid=12588]   ADD  parent=255F212BF38 idx=0 handle=255F22FF708 type=[Windows.UI.Xaml.Controls.ContentControl] name=[] children=0
[02:00:26.445 tid=12588]   ADD  parent=255F212BF38 idx=2 handle=255F22FFDF8 type=[Windows.UI.Xaml.Controls.ContentControl] name=[] children=0
[02:00:26.445 tid=12588]   ADD  parent=255F21A8598 idx=0 handle=255F23A1058 type=[Windows.UI.Xaml.Controls.GridView] name=[] children=0
[02:00:26.445 tid=12588]   ADD  parent=255F233BB28 idx=0 handle=255F23A5988 type=[Windows.UI.Xaml.Controls.ScrollViewer] name=[ScrollViewer] children=0
[02:00:26.445 tid=12588]   ADD  parent=255F23A1058 idx=0 handle=255F233BB28 type=[Windows.UI.Xaml.Controls.Border] name=[] children=1
[02:00:26.445 tid=12588]   ADD  parent=255F2386FF8 idx=0 handle=255F23A6018 type=[Windows.UI.Xaml.Controls.ScrollContentPresenter] name=[ScrollContentPresenter] children=0
[02:00:26.445 tid=12588]   ADD  parent=255F2386FF8 idx=1 handle=255F2383948 type=[Windows.UI.Xaml.Controls.Grid] name=[] children=0
[02:00:26.445 tid=12588]   ADD  parent=255F2385158 idx=0 handle=255F23A6308 type=[Windows.UI.Xaml.Controls.Primitives.ScrollBar] name=[VerticalScrollBar] children=0
[02:00:26.445 tid=12588]   ADD  parent=255F2386FF8 idx=2 handle=255F2385158 type=[Windows.UI.Xaml.Controls.Grid] name=[] children=1
[02:00:26.445 tid=12588]   ADD  parent=255F23832B8 idx=0 handle=255F1952848 type=[Windows.UI.Xaml.Controls.Primitives.ScrollBar] name=[HorizontalScrollBar] children=0
[02:00:26.445 tid=12588]   ADD  parent=255F2386FF8 idx=3 handle=255F23832B8 type=[Windows.UI.Xaml.Controls.Grid] name=[] children=1
[02:00:26.445 tid=12588]   ADD  parent=255F2386FF8 idx=4 handle=255F233CC98 type=[Windows.UI.Xaml.Controls.Border] name=[ScrollBarSeparator] children=0
[02:00:26.445 tid=12588]   ADD  parent=255F233C2E8 idx=0 handle=255F2386FF8 type=[Windows.UI.Xaml.Controls.Grid] name=[] children=5
[02:00:26.445 tid=12588]   ADD  parent=255F23A5988 idx=0 handle=255F233C2E8 type=[Windows.UI.Xaml.Controls.Border] name=[Root] children=1
[02:00:26.456 tid=12588]   ADD  parent=255F23A6018 idx=0 handle=255F212C9B8 type=[Windows.UI.Xaml.Controls.ItemsPresenter] name=[] children=0
[02:00:26.456 tid=12588]   ADD  parent=255F23A1058 idx=0 handle=255F23C27C8 type=[Windows.UI.Xaml.Controls.ItemsStackPanel] name=[] children=0
[02:00:26.456 tid=12588]   ADD  parent=255F212C9B8 idx=0 handle=255F23C27C8 type=[Windows.UI.Xaml.Controls.ItemsStackPanel] name=[] children=0
[02:00:26.456 tid=12588]   ADD  parent=255F212C9B8 idx=0 handle=255F2301768 type=[Windows.UI.Xaml.Controls.ContentControl] name=[] children=0
[02:00:26.456 tid=12588]   ADD  parent=255F212C9B8 idx=2 handle=255F22FE488 type=[Windows.UI.Xaml.Controls.ContentControl] name=[] children=0
[02:00:26.456 tid=12588]   ADD  parent=255F23C27C8 idx=0 handle=255F2191E28 type=[Windows.UI.Xaml.Controls.GridViewItem] name=[] children=0
[02:00:26.456 tid=12588]   ADD  parent=255F2191E28 idx=0 handle=255F23CD3C8 type=[Windows.UI.Xaml.Controls.Primitives.ListViewItemPresenter] name=[Root] children=0
[02:00:26.456 tid=12588]   ADD  parent=255F23CD3C8 idx=0 handle=255F22FE928 type=[Windows.UI.Xaml.Controls.ContentControl] name=[] children=0
[02:00:26.456 tid=12588]   ADD  parent=255F23CD3C8 idx=0 handle=255F23CE108 type=[Windows.UI.Xaml.Controls.Border] name=[] children=0
[02:00:26.456 tid=12588]   ADD  parent=255F22FE928 idx=0 handle=255F23667B8 type=[Windows.UI.Xaml.Controls.ContentPresenter] name=[] children=0
[02:00:26.472 tid=12588]   ADD  parent=255F2385388 idx=0 handle=255F2364EF8 type=[Windows.UI.Xaml.Controls.TextBlock] name=[MixerGroupTitle] children=0
[02:00:26.472 tid=12588]   ADD  parent=255F2385388 idx=1 handle=255F23AB8B8 type=[Windows.UI.Xaml.Controls.Button] name=[] children=0
[02:00:26.472 tid=12588]   ADD  parent=255F2300298 idx=0 handle=255F2385388 type=[Windows.UI.Xaml.Controls.Grid] name=[] children=2
[02:00:26.472 tid=12588]   ADD  parent=255F2300298 idx=1 handle=255F23E1B88 type=[Windows.UI.Xaml.Controls.ListView] name=[] children=0
[02:00:26.472 tid=12588]   ADD  parent=255F22A79C8 idx=0 handle=255F2300298 type=[Windows.UI.Xaml.Controls.StackPanel] name=[] children=2
[02:00:26.472 tid=12588]   ADD  parent=255F23667B8 idx=0 handle=255F22A79C8 type=[ControlCenter.VolumeMixerList] name=[] children=1
[02:00:26.472 tid=12588]   ADD  parent=255F23AB8B8 idx=0 handle=255F2366BD8 type=[Windows.UI.Xaml.Controls.ContentPresenter] name=[ContentPresenter] children=0
[02:00:26.472 tid=12588]   ADD  parent=255F2366BD8 idx=0 handle=255F19B0438 type=[Windows.UI.Xaml.Controls.FontIcon] name=[] children=0
[02:00:26.472 tid=12588]   ADD  parent=255F19B0438 idx=0 handle=255F2385A18 type=[Windows.UI.Xaml.Controls.Grid] name=[] children=0
[02:00:26.472 tid=12588]   ADD  parent=255F2385A18 idx=0 handle=255F2365738 type=[Windows.UI.Xaml.Controls.TextBlock] name=[] children=0
[02:00:26.476 tid=12588]   ADD  parent=255F23CEE98 idx=0 handle=255F23F6DE8 type=[Windows.UI.Xaml.Controls.ScrollViewer] name=[ScrollViewer] children=0
[02:00:26.476 tid=12588]   ADD  parent=255F23E1B88 idx=0 handle=255F23CEE98 type=[Windows.UI.Xaml.Controls.Border] name=[] children=1
[02:00:26.476 tid=12588]   ADD  parent=255F23E7D38 idx=0 handle=255F230E278 type=[Windows.UI.Xaml.Controls.ScrollContentPresenter] name=[ScrollContentPresenter] children=0
[02:00:26.476 tid=12588]   ADD  parent=255F23E7D38 idx=1 handle=255F23E7248 type=[Windows.UI.Xaml.Controls.Grid] name=[] children=0
[02:00:26.476 tid=12588]   ADD  parent=255F23E7018 idx=0 handle=255F1952CD8 type=[Windows.UI.Xaml.Controls.Primitives.ScrollBar] name=[VerticalScrollBar] children=0
[02:00:26.476 tid=12588]   ADD  parent=255F23E7D38 idx=2 handle=255F23E7018 type=[Windows.UI.Xaml.Controls.Grid] name=[] children=1
[02:00:26.476 tid=12588]   ADD  parent=255F23E8828 idx=0 handle=255F1953F18 type=[Windows.UI.Xaml.Controls.Primitives.ScrollBar] name=[HorizontalScrollBar] children=0
[02:00:26.476 tid=12588]   ADD  parent=255F23E7D38 idx=3 handle=255F23E8828 type=[Windows.UI.Xaml.Controls.Grid] name=[] children=1
[02:00:26.476 tid=12588]   ADD  parent=255F23E7D38 idx=4 handle=255F23CDB38 type=[Windows.UI.Xaml.Controls.Border] name=[ScrollBarSeparator] children=0
[02:00:26.476 tid=12588]   ADD  parent=255F23CF278 idx=0 handle=255F23E7D38 type=[Windows.UI.Xaml.Controls.Grid] name=[] children=5
[02:00:26.476 tid=12588]   ADD  parent=255F23F6DE8 idx=0 handle=255F23CF278 type=[Windows.UI.Xaml.Controls.Border] name=[Root] children=1
[02:00:26.476 tid=12588]   ADD  parent=255F230E278 idx=0 handle=255F212C638 type=[Windows.UI.Xaml.Controls.ItemsPresenter] name=[] children=0
[02:00:26.476 tid=12588]   ADD  parent=255F23E1B88 idx=0 handle=255F2421B28 type=[Windows.UI.Xaml.Controls.ItemsStackPanel] name=[] children=0
[02:00:26.476 tid=12588]   ADD  parent=255F212C638 idx=0 handle=255F2421B28 type=[Windows.UI.Xaml.Controls.ItemsStackPanel] name=[] children=0
[02:00:26.476 tid=12588]   ADD  parent=255F212C638 idx=0 handle=255F2300E28 type=[Windows.UI.Xaml.Controls.ContentControl] name=[] children=0
[02:00:26.476 tid=12588]   ADD  parent=255F212C638 idx=2 handle=255F2300048 type=[Windows.UI.Xaml.Controls.ContentControl] name=[] children=0
[02:00:26.485 tid=12588]   ADD  parent=255F2324FF8 idx=0 handle=255F218F178 type=[Windows.UI.Xaml.Controls.ListViewItem] name=[] children=0
[02:00:26.487 tid=12588]   ADD  parent=255F218F178 idx=0 handle=255F5008A28 type=[Windows.UI.Xaml.Controls.Primitives.ListViewItemPresenter] name=[Root] children=0
[02:00:26.487 tid=12588]   ADD  parent=255F5008A28 idx=0 handle=255F4FFBE58 type=[Windows.UI.Xaml.Controls.Border] name=[] children=0
[02:00:26.491 tid=12588]   ADD  parent=255F23E8198 idx=0 handle=255F23648C8 type=[Windows.UI.Xaml.Controls.TextBlock] name=[] children=0
[02:00:26.491 tid=12588]   ADD  parent=255F23E8198 idx=1 handle=255F2365B58 type=[Windows.UI.Xaml.Controls.TextBlock] name=[TitleText] children=0
[02:00:26.491 tid=12588]   ADD  parent=255F23E8198 idx=2 handle=255F23004E8 type=[Windows.UI.Xaml.Controls.ContentControl] name=[] children=0
[02:00:26.491 tid=12588]   ADD  parent=255F5008A28 idx=0 handle=255F23E8198 type=[Windows.UI.Xaml.Controls.Grid] name=[] children=3
[02:00:26.491 tid=12588]   ADD  parent=255F5008A28 idx=0 handle=255F4FFA148 type=[Windows.UI.Xaml.Controls.Border] name=[] children=0
[02:00:26.491 tid=12588]   ADD  parent=255F23004E8 idx=0 handle=255F2367E68 type=[Windows.UI.Xaml.Controls.ContentPresenter] name=[] children=0
[02:00:26.491 tid=12588]   ADD  parent=255F2367E68 idx=0 handle=255F2345E38 type=[Windows.UI.Xaml.Controls.Button] name=[QuickAction_SharedAudioButton] children=0
[02:00:26.491 tid=12588]   ADD  parent=255F2345E38 idx=0 handle=255F2366188 type=[Windows.UI.Xaml.Controls.ContentPresenter] name=[ContentPresenter] children=0
[02:00:26.491 tid=12588]   ADD  parent=255F2366188 idx=0 handle=255F4FE2CF8 type=[Windows.UI.Xaml.Controls.FontIcon] name=[] children=0
[02:00:26.491 tid=12588]   ADD  parent=255F4FE2CF8 idx=0 handle=255F23E9E08 type=[Windows.UI.Xaml.Controls.Grid] name=[] children=0
[02:00:26.491 tid=12588]   ADD  parent=255F23E9E08 idx=0 handle=255F2367A48 type=[Windows.UI.Xaml.Controls.TextBlock] name=[] children=0
[02:00:26.502 tid=12588]   ADD  parent=255F2421B28 idx=0 handle=255F5068008 type=[Windows.UI.Xaml.Controls.ListViewItem] name=[] children=0
[02:00:26.502 tid=12588]   ADD  parent=255F5068008 idx=0 handle=255F223C638 type=[Windows.UI.Xaml.Controls.Primitives.ListViewItemPresenter] name=[Root] children=0
[02:00:26.502 tid=12588]   ADD  parent=255F50725C8 idx=0 handle=255F223C978 type=[Windows.UI.Xaml.Controls.Primitives.ToggleButton] name=[] children=0
[02:00:26.502 tid=12588]   ADD  parent=255F5074008 idx=0 handle=255F4FE1CF8 type=[Windows.UI.Xaml.Controls.FontIcon] name=[] children=0
[02:00:26.502 tid=12588]   ADD  parent=255F50725C8 idx=1 handle=255F5074008 type=[Windows.UI.Xaml.Controls.Grid] name=[] children=1
[02:00:26.507 tid=12588]   ADD  parent=255F50725C8 idx=2 handle=255F1954838 type=[Windows.UI.Xaml.Controls.Slider] name=[AppVolumeLevel] children=0
[02:00:26.507 tid=12588]   ADD  parent=255F223C638 idx=0 handle=255F50725C8 type=[Windows.UI.Xaml.Controls.Grid] name=[] children=3
[02:00:26.507 tid=12588]   ADD  parent=255F223C638 idx=0 handle=255F50825F8 type=[Windows.UI.Xaml.Controls.Border] name=[] children=0
[02:00:26.507 tid=12588]   ADD  parent=255F223C978 idx=0 handle=255F2366398 type=[Windows.UI.Xaml.Controls.ContentPresenter] name=[ContentPresenter] children=0
[02:00:26.507 tid=12588]   ADD  parent=255F5070FE8 idx=0 handle=255F5082218 type=[Windows.UI.Xaml.Shapes.Rectangle] name=[] children=0
[02:00:26.507 tid=12588]   ADD  parent=255F50730B8 idx=0 handle=255F5070FE8 type=[Windows.UI.Xaml.Controls.Grid] name=[] children=1
[02:00:26.507 tid=12588]   ADD  parent=255F50730B8 idx=1 handle=255F4FE1EF8 type=[Windows.UI.Xaml.Controls.Image] name=[] children=0
[02:00:26.507 tid=12588]   ADD  parent=255F50730B8 idx=2 handle=255F4FE32F8 type=[Windows.UI.Xaml.Controls.FontIcon] name=[] children=0
[02:00:26.507 tid=12588]   ADD  parent=255F5071448 idx=0 handle=255F50730B8 type=[Windows.UI.Xaml.Controls.Grid] name=[] children=3
[02:00:26.507 tid=12588]   ADD  parent=255F2366398 idx=0 handle=255F5071448 type=[Windows.UI.Xaml.Controls.Grid] name=[] children=1
[02:00:26.507 tid=12588]   ADD  parent=255F4FE32F8 idx=0 handle=255F5073978 type=[Windows.UI.Xaml.Controls.Grid] name=[] children=0
[02:00:26.507 tid=12588]   ADD  parent=255F5073978 idx=0 handle=255F2366DE8 type=[Windows.UI.Xaml.Controls.TextBlock] name=[] children=0
[02:00:26.507 tid=12588]   ADD  parent=255F4FE1CF8 idx=0 handle=255F5071AD8 type=[Windows.UI.Xaml.Controls.Grid] name=[] children=0
[02:00:26.507 tid=12588]   ADD  parent=255F5071AD8 idx=0 handle=255F2367208 type=[Windows.UI.Xaml.Controls.TextBlock] name=[] children=0
[02:00:26.507 tid=12588]   ADD  parent=255F5074D28 idx=0 handle=255F5093C48 type=[Windows.UI.Xaml.Controls.Border] name=[FocusBorder] children=0
[02:00:26.507 tid=12588]   ADD  parent=255F5072398 idx=0 handle=255F5082BC8 type=[Windows.UI.Xaml.Shapes.Rectangle] name=[HorizontalTrackRect] children=0
[02:00:26.507 tid=12588]   ADD  parent=255F5072398 idx=1 handle=255F50949D8 type=[Windows.UI.Xaml.Shapes.Rectangle] name=[HorizontalDecreaseRect] children=0
[02:00:26.507 tid=12588]   ADD  parent=255F5072398 idx=2 handle=255F2367628 type=[Windows.UI.Xaml.Controls.Primitives.TickBar] name=[TopTickBar] children=0
[02:00:26.507 tid=12588]   ADD  parent=255F5072398 idx=3 handle=255F23669C8 type=[Windows.UI.Xaml.Controls.Primitives.TickBar] name=[HorizontalInlineTickBar] children=0
[02:00:26.507 tid=12588]   ADD  parent=255F5072398 idx=4 handle=255F2368078 type=[Windows.UI.Xaml.Controls.Primitives.TickBar] name=[BottomTickBar] children=0
[02:00:26.507 tid=12588]   ADD  parent=255F5072398 idx=5 handle=255F188DAD8 type=[Windows.UI.Xaml.Controls.Primitives.Thumb] name=[HorizontalThumb] children=0
[02:00:26.507 tid=12588]   ADD  parent=255F5073518 idx=0 handle=255F5072398 type=[Windows.UI.Xaml.Controls.Grid] name=[HorizontalTemplate] children=6
[02:00:26.507 tid=12588]   ADD  parent=255F5073748 idx=0 handle=255F5094408 type=[Windows.UI.Xaml.Shapes.Rectangle] name=[VerticalTrackRect] children=0
[02:00:26.507 tid=12588]   ADD  parent=255F5073748 idx=1 handle=255F50930A8 type=[Windows.UI.Xaml.Shapes.Rectangle] name=[VerticalDecreaseRect] children=0
[02:00:26.507 tid=12588]   ADD  parent=255F5073748 idx=2 handle=255F2366FF8 type=[Windows.UI.Xaml.Controls.Primitives.TickBar] name=[LeftTickBar] children=0
[02:00:26.507 tid=12588]   ADD  parent=255F5073748 idx=3 handle=255F23646B8 type=[Windows.UI.Xaml.Controls.Primitives.TickBar] name=[VerticalInlineTickBar] children=0
[02:00:26.507 tid=12588]   ADD  parent=255F5073748 idx=4 handle=255F23644A8 type=[Windows.UI.Xaml.Controls.Primitives.TickBar] name=[RightTickBar] children=0
[02:00:26.507 tid=12588]   ADD  parent=255F5073748 idx=5 handle=255F188DFD8 type=[Windows.UI.Xaml.Controls.Primitives.Thumb] name=[VerticalThumb] children=0
[02:00:26.507 tid=12588]   ADD  parent=255F5073518 idx=1 handle=255F5073748 type=[Windows.UI.Xaml.Controls.Grid] name=[VerticalTemplate] children=6
[02:00:26.507 tid=12588]   ADD  parent=255F5074D28 idx=1 handle=255F5073518 type=[Windows.UI.Xaml.Controls.Grid] name=[SliderContainer] children=2
[02:00:26.507 tid=12588]   ADD  parent=255F1954838 idx=0 handle=255F5074D28 type=[Windows.UI.Xaml.Controls.Grid] name=[] children=2
[02:00:26.507 tid=12588]   ADD  parent=255F5093488 idx=0 handle=255F50947E8 type=[Windows.UI.Xaml.Shapes.Ellipse] name=[SliderInnerThumb] children=0
[02:00:26.507 tid=12588]   ADD  parent=255F188DAD8 idx=0 handle=255F5093488 type=[Windows.UI.Xaml.Controls.Border] name=[] children=1
[02:00:26.521 tid=12588]   ADD  parent=255F5072168 idx=0 handle=255F5093678 type=[Windows.UI.Xaml.Shapes.Rectangle] name=[HorizontalTrackRect] children=0
[02:00:26.521 tid=12588]   ADD  parent=255F5072168 idx=1 handle=255F2038678 type=[Windows.UI.Xaml.Controls.Primitives.RepeatButton] name=[HorizontalSmallDecrease] children=0
[02:00:26.521 tid=12588]   ADD  parent=255F5072168 idx=2 handle=255F203AA38 type=[Windows.UI.Xaml.Controls.Primitives.RepeatButton] name=[HorizontalLargeDecrease] children=0
[02:00:26.521 tid=12588]   ADD  parent=255F5072168 idx=3 handle=255F188C958 type=[Windows.UI.Xaml.Controls.Primitives.Thumb] name=[HorizontalThumb] children=0
[02:00:26.521 tid=12588]   ADD  parent=255F5072168 idx=4 handle=255F203A4B8 type=[Windows.UI.Xaml.Controls.Primitives.RepeatButton] name=[HorizontalLargeIncrease] children=0
[02:00:26.521 tid=12588]   ADD  parent=255F5072168 idx=5 handle=255F203ACF8 type=[Windows.UI.Xaml.Controls.Primitives.RepeatButton] name=[HorizontalSmallIncrease] children=0
[02:00:26.521 tid=12588]   ADD  parent=255F50D08D8 idx=0 handle=255F5072168 type=[Windows.UI.Xaml.Controls.Grid] name=[HorizontalRoot] children=6
[02:00:26.521 tid=12588]   ADD  parent=255F50D1828 idx=0 handle=255F50BC268 type=[Windows.UI.Xaml.Controls.Border] name=[HorizontalPanningThumb] children=0
[02:00:26.521 tid=12588]   ADD  parent=255F50D08D8 idx=1 handle=255F50D1828 type=[Windows.UI.Xaml.Controls.Grid] name=[HorizontalPanningRoot] children=1
[02:00:26.521 tid=12588]   ADD  parent=255F50CE808 idx=0 handle=255F50BD5C8 type=[Windows.UI.Xaml.Shapes.Rectangle] name=[VerticalTrackRect] children=0
[02:00:26.521 tid=12588]   ADD  parent=255F50CE808 idx=1 handle=255F2039178 type=[Windows.UI.Xaml.Controls.Primitives.RepeatButton] name=[VerticalSmallDecrease] children=0
[02:00:26.521 tid=12588]   ADD  parent=255F50CE808 idx=2 handle=255F203BD78 type=[Windows.UI.Xaml.Controls.Primitives.RepeatButton] name=[VerticalLargeDecrease] children=0
[02:00:26.521 tid=12588]   ADD  parent=255F50CE808 idx=3 handle=255F188D358 type=[Windows.UI.Xaml.Controls.Primitives.Thumb] name=[VerticalThumb] children=0
[02:00:26.521 tid=12588]   ADD  parent=255F50CE808 idx=4 handle=255F20399B8 type=[Windows.UI.Xaml.Controls.Primitives.RepeatButton] name=[VerticalLargeIncrease] children=0
[02:00:26.521 tid=12588]   ADD  parent=255F50CE808 idx=5 handle=255F2039438 type=[Windows.UI.Xaml.Controls.Primitives.RepeatButton] name=[VerticalSmallIncrease] children=0
[02:00:26.521 tid=12588]   ADD  parent=255F50D08D8 idx=2 handle=255F50CE808 type=[Windows.UI.Xaml.Controls.Grid] name=[VerticalRoot] children=6
[02:00:26.521 tid=12588]   ADD  parent=255F50D15F8 idx=0 handle=255F50BDF78 type=[Windows.UI.Xaml.Controls.Border] name=[VerticalPanningThumb] children=0
[02:00:26.521 tid=12588]   ADD  parent=255F50D08D8 idx=3 handle=255F50D15F8 type=[Windows.UI.Xaml.Controls.Grid] name=[VerticalPanningRoot] children=1
[02:00:26.521 tid=12588]   ADD  parent=255F23A6308 idx=0 handle=255F50D08D8 type=[Windows.UI.Xaml.Controls.Grid] name=[Root] children=4
[02:00:26.521 tid=12588]   ADD  parent=255F50CF0C8 idx=0 handle=255F4FE3AF8 type=[Windows.UI.Xaml.Controls.FontIcon] name=[Arrow] children=0
[02:00:26.521 tid=12588]   ADD  parent=255F2039178 idx=0 handle=255F50CF0C8 type=[Windows.UI.Xaml.Controls.Grid] name=[Root] children=1
[02:00:26.521 tid=12588]   ADD  parent=255F4FE3AF8 idx=0 handle=255F50D0B08 type=[Windows.UI.Xaml.Controls.Grid] name=[] children=0
[02:00:26.521 tid=12588]   ADD  parent=255F50D0B08 idx=0 handle=255F5115828 type=[Windows.UI.Xaml.Controls.TextBlock] name=[] children=0
[02:00:26.521 tid=12588]   ADD  parent=255F203BD78 idx=0 handle=255F50D13C8 type=[Windows.UI.Xaml.Controls.Grid] name=[Root] children=0
[02:00:26.521 tid=12588]   ADD  parent=255F20399B8 idx=0 handle=255F50D1198 type=[Windows.UI.Xaml.Controls.Grid] name=[Root] children=0
[02:00:26.521 tid=12588]   ADD  parent=255F50CF2F8 idx=0 handle=255F4FE36F8 type=[Windows.UI.Xaml.Controls.FontIcon] name=[Arrow] children=0
[02:00:26.521 tid=12588]   ADD  parent=255F2039438 idx=0 handle=255F50CF2F8 type=[Windows.UI.Xaml.Controls.Grid] name=[Root] children=1
[02:00:26.521 tid=12588]   ADD  parent=255F4FE36F8 idx=0 handle=255F50CDD18 type=[Windows.UI.Xaml.Controls.Grid] name=[] children=0
[02:00:26.521 tid=12588]   ADD  parent=255F50CDD18 idx=0 handle=255F5115A38 type=[Windows.UI.Xaml.Controls.TextBlock] name=[] children=0
[02:00:26.536 tid=12588]   REM  parent=0 idx=0 handle=255F50825F8 type=[] name=[] children=0
[02:00:26.536 tid=12588]   REM  parent=0 idx=0 handle=255F5082218 type=[] name=[] children=0
[02:00:26.536 tid=12588]   REM  parent=0 idx=0 handle=255F5070FE8 type=[] name=[] children=0
[02:00:26.536 tid=12588]   REM  parent=0 idx=0 handle=255F4FE1EF8 type=[] name=[] children=0
[02:00:26.536 tid=12588]   REM  parent=0 idx=0 handle=255F2366DE8 type=[] name=[] children=0
[02:00:26.536 tid=12588]   REM  parent=0 idx=0 handle=255F5073978 type=[] name=[] children=0
[02:00:26.536 tid=12588]   REM  parent=0 idx=0 handle=255F4FE32F8 type=[] name=[] children=0
[02:00:26.536 tid=12588]   REM  parent=0 idx=0 handle=255F50730B8 type=[] name=[] children=0
[02:00:26.536 tid=12588]   REM  parent=0 idx=0 handle=255F5071448 type=[] name=[] children=0
[02:00:26.536 tid=12588]   REM  parent=0 idx=0 handle=255F2366398 type=[] name=[] children=0
[02:00:26.536 tid=12588]   REM  parent=0 idx=0 handle=255F223C978 type=[] name=[] children=0
[02:00:26.536 tid=12588]   REM  parent=0 idx=0 handle=255F2367208 type=[] name=[] children=0
[02:00:26.536 tid=12588]   REM  parent=0 idx=0 handle=255F5071AD8 type=[] name=[] children=0
[02:00:26.536 tid=12588]   REM  parent=0 idx=0 handle=255F4FE1CF8 type=[] name=[] children=0
[02:00:26.536 tid=12588]   REM  parent=0 idx=0 handle=255F5074008 type=[] name=[] children=0
[02:00:26.536 tid=12588]   REM  parent=0 idx=0 handle=255F5093C48 type=[] name=[] children=0
[02:00:26.536 tid=12588]   REM  parent=0 idx=0 handle=255F5082BC8 type=[] name=[] children=0
[02:00:26.536 tid=12588]   REM  parent=0 idx=0 handle=255F50949D8 type=[] name=[] children=0
[02:00:26.536 tid=12588]   REM  parent=0 idx=0 handle=255F2367628 type=[] name=[] children=0
[02:00:26.536 tid=12588]   REM  parent=0 idx=0 handle=255F23669C8 type=[] name=[] children=0
[02:00:26.536 tid=12588]   REM  parent=0 idx=0 handle=255F2368078 type=[] name=[] children=0
[02:00:26.536 tid=12588]   REM  parent=0 idx=0 handle=255F50947E8 type=[] name=[] children=0
[02:00:26.548 tid=12588]   REM  parent=0 idx=0 handle=255F5093488 type=[] name=[] children=0
[02:00:26.548 tid=12588]   REM  parent=0 idx=0 handle=255F188DAD8 type=[] name=[] children=0
[02:00:26.548 tid=12588]   REM  parent=0 idx=0 handle=255F5072398 type=[] name=[] children=0
[02:00:26.548 tid=12588]   REM  parent=0 idx=0 handle=255F5094408 type=[] name=[] children=0
[02:00:26.548 tid=12588]   REM  parent=0 idx=0 handle=255F50930A8 type=[] name=[] children=0
[02:00:26.548 tid=12588]   REM  parent=0 idx=0 handle=255F2366FF8 type=[] name=[] children=0
[02:00:26.548 tid=12588]   REM  parent=0 idx=0 handle=255F23646B8 type=[] name=[] children=0
[02:00:26.548 tid=12588]   REM  parent=0 idx=0 handle=255F23644A8 type=[] name=[] children=0
[02:00:26.548 tid=12588]   REM  parent=0 idx=0 handle=255F188DFD8 type=[] name=[] children=0
[02:00:26.548 tid=12588]   REM  parent=0 idx=0 handle=255F5073748 type=[] name=[] children=0
[02:00:26.548 tid=12588]   REM  parent=0 idx=0 handle=255F5073518 type=[] name=[] children=0
[02:00:26.548 tid=12588]   REM  parent=0 idx=0 handle=255F5074D28 type=[] name=[] children=0
[02:00:26.548 tid=12588]   REM  parent=0 idx=0 handle=255F1954838 type=[] name=[] children=0
[02:00:26.548 tid=12588]   REM  parent=0 idx=0 handle=255F50725C8 type=[] name=[] children=0
[02:00:26.548 tid=12588]   REM  parent=0 idx=0 handle=255F223C638 type=[] name=[] children=0
[02:00:26.548 tid=12588]   REM  parent=0 idx=0 handle=255F5068008 type=[] name=[] children=0
[02:00:26.548 tid=12588]   REM  parent=0 idx=0 handle=255F4FFA148 type=[] name=[] children=0
[02:00:26.548 tid=12588]   REM  parent=0 idx=0 handle=255F23648C8 type=[] name=[] children=0
[02:00:26.548 tid=12588]   REM  parent=0 idx=0 handle=255F2365B58 type=[] name=[] children=0
[02:00:26.548 tid=12588]   REM  parent=0 idx=0 handle=255F2367A48 type=[] name=[] children=0
[02:00:26.548 tid=12588]   REM  parent=0 idx=0 handle=255F23E9E08 type=[] name=[] children=0
[02:00:26.548 tid=12588]   REM  parent=0 idx=0 handle=255F4FE2CF8 type=[] name=[] children=0
[02:00:26.548 tid=12588]   REM  parent=0 idx=0 handle=255F2366188 type=[] name=[] children=0
[02:00:26.548 tid=12588]   REM  parent=0 idx=0 handle=255F2345E38 type=[] name=[] children=0
[02:00:26.548 tid=12588]   REM  parent=0 idx=0 handle=255F2367E68 type=[] name=[] children=0
[02:00:26.548 tid=12588]   REM  parent=0 idx=0 handle=255F23004E8 type=[] name=[] children=0
[02:00:26.548 tid=12588]   REM  parent=0 idx=0 handle=255F23E8198 type=[] name=[] children=0
[02:00:26.548 tid=12588]   REM  parent=0 idx=0 handle=255F4FFBE58 type=[] name=[] children=0
[02:00:26.548 tid=12588]   REM  parent=0 idx=0 handle=255F5008A28 type=[] name=[] children=0
[02:00:26.548 tid=12588]   REM  parent=0 idx=0 handle=255F218F178 type=[] name=[] children=0
[02:00:26.556 tid=12588]   ADD  parent=255F2324FF8 idx=0 handle=255F5068418 type=[Windows.UI.Xaml.Controls.ListViewItem] name=[] children=0
[02:00:26.557 tid=12588]   ADD  parent=255F5068418 idx=0 handle=255F5195BD8 type=[Windows.UI.Xaml.Controls.Primitives.ListViewItemPresenter] name=[Root] children=0
[02:00:26.557 tid=12588]   ADD  parent=255F5195BD8 idx=0 handle=255F50BE738 type=[Windows.UI.Xaml.Controls.Border] name=[] children=0
[02:00:26.558 tid=12588]   ADD  parent=255F50CDAE8 idx=0 handle=255F5115618 type=[Windows.UI.Xaml.Controls.TextBlock] name=[] children=0
[02:00:26.558 tid=12588]   ADD  parent=255F50CDAE8 idx=1 handle=255F5114FE8 type=[Windows.UI.Xaml.Controls.TextBlock] name=[TitleText] children=0
[02:00:26.558 tid=12588]   ADD  parent=255F50CDAE8 idx=2 handle=255F22FE238 type=[Windows.UI.Xaml.Controls.ContentControl] name=[] children=0
[02:00:26.558 tid=12588]   ADD  parent=255F5195BD8 idx=0 handle=255F50CDAE8 type=[Windows.UI.Xaml.Controls.Grid] name=[] children=3
[02:00:26.558 tid=12588]   ADD  parent=255F5195BD8 idx=0 handle=255F50BCE08 type=[Windows.UI.Xaml.Controls.Border] name=[] children=0
[02:00:26.559 tid=12588]   ADD  parent=255F22FE238 idx=0 handle=255F51151F8 type=[Windows.UI.Xaml.Controls.ContentPresenter] name=[] children=0
[02:00:26.559 tid=12588]   ADD  parent=255F51151F8 idx=0 handle=255F19C7818 type=[Windows.UI.Xaml.Controls.Button] name=[QuickAction_SharedAudioButton] children=0
[02:00:26.559 tid=12588]   ADD  parent=255F19C7818 idx=0 handle=255F5115408 type=[Windows.UI.Xaml.Controls.ContentPresenter] name=[ContentPresenter] children=0
[02:00:26.559 tid=12588]   ADD  parent=255F5115408 idx=0 handle=255F4FE1AF8 type=[Windows.UI.Xaml.Controls.FontIcon] name=[] children=0
[02:00:26.560 tid=12588]   ADD  parent=255F4FE1AF8 idx=0 handle=255F50CDF48 type=[Windows.UI.Xaml.Controls.Grid] name=[] children=0
[02:00:26.560 tid=12588]   ADD  parent=255F50CDF48 idx=0 handle=255F19FEDA8 type=[Windows.UI.Xaml.Controls.TextBlock] name=[] children=0
[02:00:26.563 tid=12588]   ADD  parent=255F239C898 idx=0 handle=255F5068828 type=[Windows.UI.Xaml.Controls.ListViewItem] name=[] children=0
[02:00:26.564 tid=12588]   ADD  parent=255F5068828 idx=0 handle=255F5191398 type=[Windows.UI.Xaml.Controls.Primitives.ListViewItemPresenter] name=[Root] children=0
[02:00:26.564 tid=12588]   ADD  parent=255F5191398 idx=0 handle=255F50BD7B8 type=[Windows.UI.Xaml.Controls.Border] name=[] children=0
[02:00:26.565 tid=12588]   ADD  parent=255F50D2548 idx=0 handle=255F19FF3D8 type=[Windows.UI.Xaml.Controls.TextBlock] name=[TitleText] children=0
[02:00:26.565 tid=12588]   ADD  parent=255F5191398 idx=0 handle=255F50D2548 type=[Windows.UI.Xaml.Controls.Grid] name=[] children=1
[02:00:26.565 tid=12588]   ADD  parent=255F5191398 idx=0 handle=255F50BDD88 type=[Windows.UI.Xaml.Controls.Border] name=[] children=0
[02:00:26.568 tid=12588]   ADD  parent=255F50D36C8 idx=0 handle=255F50947E8 type=[Windows.UI.Xaml.Shapes.Rectangle] name=[HorizontalTrackRect] children=0
[02:00:26.568 tid=12588]   ADD  parent=255F50D36C8 idx=1 handle=255F203A1F8 type=[Windows.UI.Xaml.Controls.Primitives.RepeatButton] name=[HorizontalSmallDecrease] children=0
[02:00:26.568 tid=12588]   ADD  parent=255F50D36C8 idx=2 handle=255F203B7F8 type=[Windows.UI.Xaml.Controls.Primitives.RepeatButton] name=[HorizontalLargeDecrease] children=0
[02:00:26.568 tid=12588]   ADD  parent=255F50D36C8 idx=3 handle=255F188DD58 type=[Windows.UI.Xaml.Controls.Primitives.Thumb] name=[HorizontalThumb] children=0
[02:00:26.568 tid=12588]   ADD  parent=255F50D36C8 idx=4 handle=255F203BAB8 type=[Windows.UI.Xaml.Controls.Primitives.RepeatButton] name=[HorizontalLargeIncrease] children=0
[02:00:26.568 tid=12588]   ADD  parent=255F50D36C8 idx=5 handle=255F20383B8 type=[Windows.UI.Xaml.Controls.Primitives.RepeatButton] name=[HorizontalSmallIncrease] children=0
[02:00:26.568 tid=12588]   ADD  parent=255F50D2E08 idx=0 handle=255F50D36C8 type=[Windows.UI.Xaml.Controls.Grid] name=[HorizontalRoot] children=6
[02:00:26.568 tid=12588]   ADD  parent=255F50D4848 idx=0 handle=255F52265C8 type=[Windows.UI.Xaml.Controls.Border] name=[HorizontalPanningThumb] children=0
[02:00:26.568 tid=12588]   ADD  parent=255F50D2E08 idx=1 handle=255F50D4848 type=[Windows.UI.Xaml.Controls.Grid] name=[HorizontalPanningRoot] children=1
[02:00:26.568 tid=12588]   ADD  parent=255F50D2778 idx=0 handle=255F4FFBE58 type=[Windows.UI.Xaml.Shapes.Rectangle] name=[VerticalTrackRect] children=0
[02:00:26.568 tid=12588]   ADD  parent=255F50D2778 idx=1 handle=255F2038EB8 type=[Windows.UI.Xaml.Controls.Primitives.RepeatButton] name=[VerticalSmallDecrease] children=0
[02:00:26.568 tid=12588]   ADD  parent=255F50D2778 idx=2 handle=255F5221C68 type=[Windows.UI.Xaml.Controls.Primitives.RepeatButton] name=[VerticalLargeDecrease] children=0
[02:00:26.568 tid=12588]   ADD  parent=255F50D2778 idx=3 handle=255F188A8D8 type=[Windows.UI.Xaml.Controls.Primitives.Thumb] name=[VerticalThumb] children=0
[02:00:26.568 tid=12588]   ADD  parent=255F50D2778 idx=4 handle=255F52200E8 type=[Windows.UI.Xaml.Controls.Primitives.RepeatButton] name=[VerticalLargeIncrease] children=0
[02:00:26.568 tid=12588]   ADD  parent=255F50D2778 idx=5 handle=255F5220BE8 type=[Windows.UI.Xaml.Controls.Primitives.RepeatButton] name=[VerticalSmallIncrease] children=0
[02:00:26.568 tid=12588]   ADD  parent=255F50D2E08 idx=2 handle=255F50D2778 type=[Windows.UI.Xaml.Controls.Grid] name=[VerticalRoot] children=6
[02:00:26.568 tid=12588]   ADD  parent=255F50D2BD8 idx=0 handle=255F52267B8 type=[Windows.UI.Xaml.Controls.Border] name=[VerticalPanningThumb] children=0
[02:00:26.568 tid=12588]   ADD  parent=255F50D2E08 idx=3 handle=255F50D2BD8 type=[Windows.UI.Xaml.Controls.Grid] name=[VerticalPanningRoot] children=1
[02:00:26.568 tid=12588]   ADD  parent=255F2341528 idx=0 handle=255F50D2E08 type=[Windows.UI.Xaml.Controls.Grid] name=[Root] children=4
[02:00:26.570 tid=12588]   ADD  parent=255F50D4CA8 idx=0 handle=255F4FE30F8 type=[Windows.UI.Xaml.Controls.FontIcon] name=[Arrow] children=0
[02:00:26.570 tid=12588]   ADD  parent=255F2038EB8 idx=0 handle=255F50D4CA8 type=[Windows.UI.Xaml.Controls.Grid] name=[Root] children=1
[02:00:26.570 tid=12588]   ADD  parent=255F4FE30F8 idx=0 handle=255F50D3F88 type=[Windows.UI.Xaml.Controls.Grid] name=[] children=0
[02:00:26.570 tid=12588]   ADD  parent=255F50D3F88 idx=0 handle=255F19FEFB8 type=[Windows.UI.Xaml.Controls.TextBlock] name=[] children=0
[02:00:26.570 tid=12588]   ADD  parent=255F5221C68 idx=0 handle=255F50D5798 type=[Windows.UI.Xaml.Controls.Grid] name=[Root] children=0
[02:00:26.570 tid=12588]   ADD  parent=255F52200E8 idx=0 handle=255F50D5568 type=[Windows.UI.Xaml.Controls.Grid] name=[Root] children=0
[02:00:26.571 tid=12588]   ADD  parent=255F50D3D58 idx=0 handle=255F4FE10F8 type=[Windows.UI.Xaml.Controls.FontIcon] name=[Arrow] children=0
[02:00:26.571 tid=12588]   ADD  parent=255F5220BE8 idx=0 handle=255F50D3D58 type=[Windows.UI.Xaml.Controls.Grid] name=[Root] children=1
[02:00:26.571 tid=12588]   ADD  parent=255F4FE10F8 idx=0 handle=255F19A2658 type=[Windows.UI.Xaml.Controls.Grid] name=[] children=0
[02:00:26.571 tid=12588]   ADD  parent=255F19A2658 idx=0 handle=255F19FDF38 type=[Windows.UI.Xaml.Controls.TextBlock] name=[] children=0
[02:00:26.571 tid=12588]   ADD  parent=255F2421B28 idx=0 handle=255F5069C78 type=[Windows.UI.Xaml.Controls.ListViewItem] name=[] children=0
[02:00:26.572 tid=12588]   ADD  parent=255F5069C78 idx=0 handle=255F19FFCD8 type=[Windows.UI.Xaml.Controls.Primitives.ListViewItemPresenter] name=[Root] children=0
[02:00:26.573 tid=12588]   ADD  parent=255F19A4958 idx=0 handle=255F19C72B8 type=[Windows.UI.Xaml.Controls.Primitives.ToggleButton] name=[] children=0
[02:00:26.573 tid=12588]   ADD  parent=255F19A5AD8 idx=0 handle=255F4FE44F8 type=[Windows.UI.Xaml.Controls.FontIcon] name=[] children=0
[02:00:26.573 tid=12588]   ADD  parent=255F19A4958 idx=1 handle=255F19A5AD8 type=[Windows.UI.Xaml.Controls.Grid] name=[] children=1
[02:00:26.573 tid=12588]   ADD  parent=255F19A4958 idx=2 handle=255F19543A8 type=[Windows.UI.Xaml.Controls.Slider] name=[AppVolumeLevel] children=0
[02:00:26.573 tid=12588]   ADD  parent=255F19FFCD8 idx=0 handle=255F19A4958 type=[Windows.UI.Xaml.Controls.Grid] name=[] children=3
[02:00:26.573 tid=12588]   ADD  parent=255F19FFCD8 idx=0 handle=255F5227D08 type=[Windows.UI.Xaml.Controls.Border] name=[] children=0
[02:00:26.573 tid=12588]   ADD  parent=255F19C72B8 idx=0 handle=255F19FF1C8 type=[Windows.UI.Xaml.Controls.ContentPresenter] name=[ContentPresenter] children=0
[02:00:26.574 tid=12588]   ADD  parent=255F19A44F8 idx=0 handle=255F5225A28 type=[Windows.UI.Xaml.Shapes.Rectangle] name=[] children=0
[02:00:26.574 tid=12588]   ADD  parent=255F19A3378 idx=0 handle=255F19A44F8 type=[Windows.UI.Xaml.Controls.Grid] name=[] children=1
[02:00:26.574 tid=12588]   ADD  parent=255F19A3378 idx=1 handle=255F4FE4CF8 type=[Windows.UI.Xaml.Controls.Image] name=[] children=0
[02:00:26.574 tid=12588]   ADD  parent=255F19A3378 idx=2 handle=255F4FE24F8 type=[Windows.UI.Xaml.Controls.FontIcon] name=[] children=0
[02:00:26.574 tid=12588]   ADD  parent=255F19A6398 idx=0 handle=255F19A3378 type=[Windows.UI.Xaml.Controls.Grid] name=[] children=3
[02:00:26.574 tid=12588]   ADD  parent=255F19FF1C8 idx=0 handle=255F19A6398 type=[Windows.UI.Xaml.Controls.Grid] name=[] children=1
[02:00:26.574 tid=12588]   ADD  parent=255F4FE24F8 idx=0 handle=255F19A2CE8 type=[Windows.UI.Xaml.Controls.Grid] name=[] children=0
[02:00:26.574 tid=12588]   ADD  parent=255F19A2CE8 idx=0 handle=255F19FEB98 type=[Windows.UI.Xaml.Controls.TextBlock] name=[] children=0
[02:00:26.574 tid=12588]   ADD  parent=255F4FE44F8 idx=0 handle=255F19A37D8 type=[Windows.UI.Xaml.Controls.Grid] name=[] children=0
[02:00:26.574 tid=12588]   ADD  parent=255F19A37D8 idx=0 handle=255F19FE358 type=[Windows.UI.Xaml.Controls.TextBlock] name=[] children=0
[02:00:26.576 tid=12588]   ADD  parent=255F5262508 idx=0 handle=255F525F078 type=[Windows.UI.Xaml.Controls.Border] name=[FocusBorder] children=0
[02:00:26.576 tid=12588]   ADD  parent=255F5263688 idx=0 handle=255F5227B18 type=[Windows.UI.Xaml.Shapes.Rectangle] name=[HorizontalTrackRect] children=0
[02:00:26.576 tid=12588]   ADD  parent=255F5263688 idx=1 handle=255F5225FF8 type=[Windows.UI.Xaml.Shapes.Rectangle] name=[HorizontalDecreaseRect] children=0
[02:00:26.576 tid=12588]   ADD  parent=255F5263688 idx=2 handle=255F19FF5E8 type=[Windows.UI.Xaml.Controls.Primitives.TickBar] name=[TopTickBar] children=0
[02:00:26.576 tid=12588]   ADD  parent=255F5263688 idx=3 handle=255F19FD908 type=[Windows.UI.Xaml.Controls.Primitives.TickBar] name=[HorizontalInlineTickBar] children=0
[02:00:26.576 tid=12588]   ADD  parent=255F5263688 idx=4 handle=255F19FDB18 type=[Windows.UI.Xaml.Controls.Primitives.TickBar] name=[BottomTickBar] children=0
[02:00:26.576 tid=12588]   ADD  parent=255F5263688 idx=5 handle=255F188E258 type=[Windows.UI.Xaml.Controls.Primitives.Thumb] name=[HorizontalThumb] children=0
[02:00:26.576 tid=12588]   ADD  parent=255F5261388 idx=0 handle=255F5263688 type=[Windows.UI.Xaml.Controls.Grid] name=[HorizontalTemplate] children=6
[02:00:26.576 tid=12588]   ADD  parent=255F52622D8 idx=0 handle=255F52263D8 type=[Windows.UI.Xaml.Shapes.Rectangle] name=[VerticalTrackRect] children=0
[02:00:26.576 tid=12588]   ADD  parent=255F52622D8 idx=1 handle=255F525EAA8 type=[Windows.UI.Xaml.Shapes.Rectangle] name=[VerticalDecreaseRect] children=0
[02:00:26.576 tid=12588]   ADD  parent=255F52622D8 idx=2 handle=255F19FE778 type=[Windows.UI.Xaml.Controls.Primitives.TickBar] name=[LeftTickBar] children=0
[02:00:26.576 tid=12588]   ADD  parent=255F52622D8 idx=3 handle=255F19FDD28 type=[Windows.UI.Xaml.Controls.Primitives.TickBar] name=[VerticalInlineTickBar] children=0
[02:00:26.576 tid=12588]   ADD  parent=255F52622D8 idx=4 handle=255F19FE568 type=[Windows.UI.Xaml.Controls.Primitives.TickBar] name=[RightTickBar] children=0
[02:00:26.576 tid=12588]   ADD  parent=255F52622D8 idx=5 handle=255F188AB58 type=[Windows.UI.Xaml.Controls.Primitives.Thumb] name=[VerticalThumb] children=0
[02:00:26.576 tid=12588]   ADD  parent=255F5261388 idx=1 handle=255F52622D8 type=[Windows.UI.Xaml.Controls.Grid] name=[VerticalTemplate] children=6
[02:00:26.576 tid=12588]   ADD  parent=255F5262508 idx=1 handle=255F5261388 type=[Windows.UI.Xaml.Controls.Grid] name=[SliderContainer] children=2
[02:00:26.577 tid=12588]   ADD  parent=255F19543A8 idx=0 handle=255F5262508 type=[Windows.UI.Xaml.Controls.Grid] name=[] children=2
[02:00:26.578 tid=12588]   ADD  parent=255F525D748 idx=0 handle=255F525EC98 type=[Windows.UI.Xaml.Shapes.Ellipse] name=[SliderInnerThumb] children=0
[02:00:26.578 tid=12588]   ADD  parent=255F188E258 idx=0 handle=255F525D748 type=[Windows.UI.Xaml.Controls.Border] name=[] children=1
[02:00:26.593 tid=12588]    injecting into Footer (class=Windows.UI.Xaml.Controls.ItemsControl)
[02:00:26.593 tid=12588]    style model button = Windows.UI.Xaml.Controls.Button
[02:00:26.593 tid=12588]       up[0] Windows.UI.Xaml.Controls.ContentPresenter
[02:00:26.593 tid=12588]       up[1] Windows.UI.Xaml.Controls.ContentControl
[02:00:26.593 tid=12588]       up[2] Windows.UI.Xaml.Controls.ContentPresenter
[02:00:26.593 tid=12588]       up[3] Windows.UI.Xaml.Controls.StackPanel [Vertical]
[02:00:26.593 tid=12588]       up[4] Windows.UI.Xaml.Controls.ItemsPresenter
[02:00:26.593 tid=12588]       up[5] Windows.UI.Xaml.Controls.ItemsControl
[02:00:26.593 tid=12588]       up[6] Windows.UI.Xaml.Controls.Border
[02:00:26.593 tid=12588]       up[7] Windows.UI.Xaml.Controls.ContentPresenter
[02:00:26.593 tid=12588]       up[8] Windows.UI.Xaml.Controls.StackPanel [Vertical]
[02:00:26.593 tid=12588]       up[9] Windows.UI.Xaml.Controls.ItemsPresenter
[02:00:26.593 tid=12588]    model metrics: Height=40.0 MinHeight=0.0 ActualH=40.0 Style=yes
[02:00:26.593 tid=12588]    -> TestLink height forced to 40.0
[02:00:26.593 tid=12588]   REM  parent=0 idx=0 handle=255F21A6AC8 type=[] name=[] children=0
[02:00:26.593 tid=12588]   REM  parent=0 idx=0 handle=255F21A70F8 type=[] name=[] children=0
[02:00:26.593 tid=12588]   REM  parent=0 idx=0 handle=255F21B0188 type=[] name=[] children=0
[02:00:26.593 tid=12588]   REM  parent=0 idx=0 handle=255F18B7038 type=[] name=[] children=0
[02:00:26.593 tid=12588]   REM  parent=0 idx=0 handle=255F21A6498 type=[] name=[] children=0
[02:00:26.593 tid=12588]   REM  parent=0 idx=0 handle=255F215B488 type=[] name=[] children=0
[02:00:26.593 tid=12588]   REM  parent=0 idx=0 handle=255F21A5E68 type=[] name=[] children=0
[02:00:26.593 tid=12588]   ADD  parent=255F21A70F8 idx=0 handle=255F21A6AC8 type=[Windows.UI.Xaml.Controls.TextBlock] name=[] children=0
[02:00:26.593 tid=12588]   ADD  parent=255F21B0188 idx=0 handle=255F21A70F8 type=[Windows.UI.Xaml.Controls.ContentPresenter] name=[Content] children=1
[02:00:26.593 tid=12588]   ADD  parent=255F18B7038 idx=0 handle=255F21B0188 type=[Windows.UI.Xaml.Controls.Grid] name=[RootGrid] children=1
[02:00:26.593 tid=12588]   ADD  parent=255F21A6498 idx=0 handle=255F18B7038 type=[Windows.UI.Xaml.Controls.Button] name=[] children=1
[02:00:26.593 tid=12588]   ADD  parent=255F215B488 idx=0 handle=255F21A6498 type=[Windows.UI.Xaml.Controls.ContentPresenter] name=[] children=1
[02:00:26.593 tid=12588]   ADD  parent=255F21A5E68 idx=0 handle=255F215B488 type=[Windows.UI.Xaml.Controls.ContentControl] name=[] children=1
[02:00:26.593 tid=12588]   ADD  parent=255F52638B8 idx=0 handle=255F21A5E68 type=[Windows.UI.Xaml.Controls.ContentPresenter] name=[] children=1
[02:00:26.593 tid=12588]   ADD  parent=255F52638B8 idx=1 handle=255F19C8588 type=[Windows.UI.Xaml.Controls.Button] name=[] children=0
[02:00:26.593 tid=12588]   ADD  parent=255F215D988 idx=0 handle=255F52638B8 type=[Windows.UI.Xaml.Controls.Grid] name=[] children=2
[02:00:26.593 tid=12588]    wrapped the row container (class=Windows.UI.Xaml.Controls.ContentPresenter) inside the Windows.UI.Xaml.Controls.StackPanel in a 2-column Grid
[02:00:26.593 tid=12588]    *** TestLink injected on the SAME row as the model button (right aligned) ***
[02:00:26.593 tid=12588]    *** TestLink injected (click -> winver.exe) ***
[02:00:26.609 tid=12588]   ADD  parent=255F52643A8 idx=0 handle=255F526C648 type=[Windows.UI.Xaml.Controls.ContentPresenter] name=[Content] children=0
[02:00:26.609 tid=12588]   ADD  parent=255F19C8588 idx=0 handle=255F52643A8 type=[Windows.UI.Xaml.Controls.Grid] name=[RootGrid] children=1
[02:00:26.609 tid=12588]   ADD  parent=255F526C648 idx=0 handle=255F526DCF8 type=[Windows.UI.Xaml.Controls.TextBlock] name=[] children=0
